Archive member included to satisfy reference by file (symbol)

c:/st/stm32cubeide_1.7.0/stm32cubeide/plugins/com.st.stm32cube.ide.mcu.externaltools.gnu-tools-for-stm32.10.3-2021.10.win32_1.0.200.202301161003/tools/bin/../lib/gcc/arm-none-eabi/10.3.1/../../../../arm-none-eabi/lib/thumb/v7e-m+fp/hard\libc_nano.a(lib_a-errno.o)
                              ./Core/Src/syscalls.o (__errno)
c:/st/stm32cubeide_1.7.0/stm32cubeide/plugins/com.st.stm32cube.ide.mcu.externaltools.gnu-tools-for-stm32.10.3-2021.10.win32_1.0.200.202301161003/tools/bin/../lib/gcc/arm-none-eabi/10.3.1/../../../../arm-none-eabi/lib/thumb/v7e-m+fp/hard\libc_nano.a(lib_a-exit.o)
                              c:/st/stm32cubeide_1.7.0/stm32cubeide/plugins/com.st.stm32cube.ide.mcu.externaltools.gnu-tools-for-stm32.10.3-2021.10.win32_1.0.200.202301161003/tools/bin/../lib/gcc/arm-none-eabi/10.3.1/../../../../arm-none-eabi/lib/thumb/v7e-m+fp/hard/crt0.o (exit)
c:/st/stm32cubeide_1.7.0/stm32cubeide/plugins/com.st.stm32cube.ide.mcu.externaltools.gnu-tools-for-stm32.10.3-2021.10.win32_1.0.200.202301161003/tools/bin/../lib/gcc/arm-none-eabi/10.3.1/../../../../arm-none-eabi/lib/thumb/v7e-m+fp/hard\libc_nano.a(lib_a-impure.o)
                              c:/st/stm32cubeide_1.7.0/stm32cubeide/plugins/com.st.stm32cube.ide.mcu.externaltools.gnu-tools-for-stm32.10.3-2021.10.win32_1.0.200.202301161003/tools/bin/../lib/gcc/arm-none-eabi/10.3.1/../../../../arm-none-eabi/lib/thumb/v7e-m+fp/hard\libc_nano.a(lib_a-exit.o) (_global_impure_ptr)
c:/st/stm32cubeide_1.7.0/stm32cubeide/plugins/com.st.stm32cube.ide.mcu.externaltools.gnu-tools-for-stm32.10.3-2021.10.win32_1.0.200.202301161003/tools/bin/../lib/gcc/arm-none-eabi/10.3.1/../../../../arm-none-eabi/lib/thumb/v7e-m+fp/hard\libc_nano.a(lib_a-init.o)
                              c:/st/stm32cubeide_1.7.0/stm32cubeide/plugins/com.st.stm32cube.ide.mcu.externaltools.gnu-tools-for-stm32.10.3-2021.10.win32_1.0.200.202301161003/tools/bin/../lib/gcc/arm-none-eabi/10.3.1/../../../../arm-none-eabi/lib/thumb/v7e-m+fp/hard/crt0.o (__libc_init_array)
c:/st/stm32cubeide_1.7.0/stm32cubeide/plugins/com.st.stm32cube.ide.mcu.externaltools.gnu-tools-for-stm32.10.3-2021.10.win32_1.0.200.202301161003/tools/bin/../lib/gcc/arm-none-eabi/10.3.1/../../../../arm-none-eabi/lib/thumb/v7e-m+fp/hard\libc_nano.a(lib_a-memset.o)
                              c:/st/stm32cubeide_1.7.0/stm32cubeide/plugins/com.st.stm32cube.ide.mcu.externaltools.gnu-tools-for-stm32.10.3-2021.10.win32_1.0.200.202301161003/tools/bin/../lib/gcc/arm-none-eabi/10.3.1/../../../../arm-none-eabi/lib/thumb/v7e-m+fp/hard/crt0.o (memset)
c:/st/stm32cubeide_1.7.0/stm32cubeide/plugins/com.st.stm32cube.ide.mcu.externaltools.gnu-tools-for-stm32.10.3-2021.10.win32_1.0.200.202301161003/tools/bin/../lib/gcc/arm-none-eabi/10.3.1/thumb/v7e-m+fp/hard\libgcc.a(_aeabi_uldivmod.o)
                              ./Drivers/STM32F4xx_HAL_Driver/Src/stm32f4xx_hal_rcc.o (__aeabi_uldivmod)
c:/st/stm32cubeide_1.7.0/stm32cubeide/plugins/com.st.stm32cube.ide.mcu.externaltools.gnu-tools-for-stm32.10.3-2021.10.win32_1.0.200.202301161003/tools/bin/../lib/gcc/arm-none-eabi/10.3.1/thumb/v7e-m+fp/hard\libgcc.a(_udivmoddi4.o)
                              c:/st/stm32cubeide_1.7.0/stm32cubeide/plugins/com.st.stm32cube.ide.mcu.externaltools.gnu-tools-for-stm32.10.3-2021.10.win32_1.0.200.202301161003/tools/bin/../lib/gcc/arm-none-eabi/10.3.1/thumb/v7e-m+fp/hard\libgcc.a(_aeabi_uldivmod.o) (__udivmoddi4)
c:/st/stm32cubeide_1.7.0/stm32cubeide/plugins/com.st.stm32cube.ide.mcu.externaltools.gnu-tools-for-stm32.10.3-2021.10.win32_1.0.200.202301161003/tools/bin/../lib/gcc/arm-none-eabi/10.3.1/thumb/v7e-m+fp/hard\libgcc.a(_dvmd_tls.o)
                              c:/st/stm32cubeide_1.7.0/stm32cubeide/plugins/com.st.stm32cube.ide.mcu.externaltools.gnu-tools-for-stm32.10.3-2021.10.win32_1.0.200.202301161003/tools/bin/../lib/gcc/arm-none-eabi/10.3.1/thumb/v7e-m+fp/hard\libgcc.a(_aeabi_uldivmod.o) (__aeabi_ldiv0)

Discarded input sections

 .text          0x0000000000000000        0x0 c:/st/stm32cubeide_1.7.0/stm32cubeide/plugins/com.st.stm32cube.ide.mcu.externaltools.gnu-tools-for-stm32.10.3-2021.10.win32_1.0.200.202301161003/tools/bin/../lib/gcc/arm-none-eabi/10.3.1/thumb/v7e-m+fp/hard/crti.o
 .data          0x0000000000000000        0x0 c:/st/stm32cubeide_1.7.0/stm32cubeide/plugins/com.st.stm32cube.ide.mcu.externaltools.gnu-tools-for-stm32.10.3-2021.10.win32_1.0.200.202301161003/tools/bin/../lib/gcc/arm-none-eabi/10.3.1/thumb/v7e-m+fp/hard/crti.o
 .bss           0x0000000000000000        0x0 c:/st/stm32cubeide_1.7.0/stm32cubeide/plugins/com.st.stm32cube.ide.mcu.externaltools.gnu-tools-for-stm32.10.3-2021.10.win32_1.0.200.202301161003/tools/bin/../lib/gcc/arm-none-eabi/10.3.1/thumb/v7e-m+fp/hard/crti.o
[...]
Memory Configuration

Name             Origin             Length             Attributes
CCMRAM           0x0000000010000000 0x0000000000010000 xrw
RAM              0x0000000020000000 0x0000000000020000 xrw
FLASH            0x0000000008000000 0x0000000000100000 xr
*default*        0x0000000000000000 0xffffffffffffffff

Linker script and memory map

LOAD c:/st/stm32cubeide_1.7.0/stm32cubeide/plugins/com.st.stm32cube.ide.mcu.externaltools.gnu-tools-for-stm32.10.3-2021.10.win32_1.0.200.202301161003/tools/bin/../lib/gcc/arm-none-eabi/10.3.1/thumb/v7e-m+fp/hard/crti.o
LOAD c:/st/stm32cubeide_1.7.0/stm32cubeide/plugins/com.st.stm32cube.ide.mcu.externaltools.gnu-tools-for-stm32.10.3-2021.10.win32_1.0.200.202301161003/tools/bin/../lib/gcc/arm-none-eabi/10.3.1/thumb/v7e-m+fp/hard/crtbegin.o
LOAD c:/st/stm32cubeide_1.7.0/stm32cubeide/plugins/com.st.stm32cube.ide.mcu.externaltools.gnu-tools-for-stm32.10.3-2021.10.win32_1.0.200.202301161003/tools/bin/../lib/gcc/arm-none-eabi/10.3.1/../../../../arm-none-eabi/lib/thumb/v7e-m+fp/hard/crt0.o
LOAD ./Core/Src/main.o
LOAD ./Core/Src/stm32f4xx_hal_msp.o
LOAD ./Core/Src/stm32f4xx_it.o
LOAD ./Core/Src/syscalls.o
LOAD ./Core/Src/sysmem.o
LOAD ./Core/Src/system_stm32f4xx.o
LOAD ./Core/Startup/startup_stm32f407vgtx.o
LOAD ./Drivers/STM32F4xx_HAL_Driver/Src/stm32f4xx_hal.o
LOAD ./Drivers/STM32F4xx_HAL_Driver/Src/stm32f4xx_hal_adc.o
LOAD ./Drivers/STM32F4xx_HAL_Driver/Src/stm32f4xx_hal_adc_ex.o
LOAD ./Drivers/STM32F4xx_HAL_Driver/Src/stm32f4xx_hal_cortex.o
LOAD ./Drivers/STM32F4xx_HAL_Driver/Src/stm32f4xx_hal_dma.o
LOAD ./Drivers/STM32F4xx_HAL_Driver/Src/stm32f4xx_hal_dma_ex.o
LOAD ./Drivers/STM32F4xx_HAL_Driver/Src/stm32f4xx_hal_exti.o
LOAD ./Drivers/STM32F4xx_HAL_Driver/Src/stm32f4xx_hal_flash.o
LOAD ./Drivers/STM32F4xx_HAL_Driver/Src/stm32f4xx_hal_flash_ex.o
LOAD ./Drivers/STM32F4xx_HAL_Driver/Src/stm32f4xx_hal_flash_ramfunc.o
LOAD ./Drivers/STM32F4xx_HAL_Driver/Src/stm32f4xx_hal_gpio.o
LOAD ./Drivers/STM32F4xx_HAL_Driver/Src/stm32f4xx_hal_pcd.o
LOAD ./Drivers/STM32F4xx_HAL_Driver/Src/stm32f4xx_hal_pcd_ex.o
LOAD ./Drivers/STM32F4xx_HAL_Driver/Src/stm32f4xx_hal_pwr.o
LOAD ./Drivers/STM32F4xx_HAL_Driver/Src/stm32f4xx_hal_pwr_ex.o
LOAD ./Drivers/STM32F4xx_HAL_Driver/Src/stm32f4xx_hal_rcc.o
LOAD ./Drivers/STM32F4xx_HAL_Driver/Src/stm32f4xx_hal_rcc_ex.o
LOAD ./Drivers/STM32F4xx_HAL_Driver/Src/stm32f4xx_hal_tim.o
LOAD ./Drivers/STM32F4xx_HAL_Driver/Src/stm32f4xx_hal_tim_ex.o
LOAD ./Drivers/STM32F4xx_HAL_Driver/Src/stm32f4xx_ll_adc.o
LOAD ./Drivers/STM32F4xx_HAL_Driver/Src/stm32f4xx_ll_usb.o
LOAD ./Middlewares/ST/STM32_USB_Device_Library/Class/CDC/Src/usbd_cdc.o
LOAD ./Middlewares/ST/STM32_USB_Device_Library/Core/Src/usbd_core.o
LOAD ./Middlewares/ST/STM32_USB_Device_Library/Core/Src/usbd_ctlreq.o
LOAD ./Middlewares/ST/STM32_USB_Device_Library/Core/Src/usbd_ioreq.o
LOAD ./USB_DEVICE/App/usb_device.o
LOAD ./USB_DEVICE/App/usbd_cdc_if.o
LOAD ./USB_DEVICE/App/usbd_desc.o
LOAD ./USB_DEVICE/Target/usbd_conf.o
START GROUP
LOAD c:/st/stm32cubeide_1.7.0/stm32cubeide/plugins/com.st.stm32cube.ide.mcu.externaltools.gnu-tools-for-stm32.10.3-2021.10.win32_1.0.200.202301161003/tools/bin/../lib/gcc/arm-none-eabi/10.3.1/../../../../arm-none-eabi/lib/thumb/v7e-m+fp/hard\libc_nano.a
LOAD c:/st/stm32cubeide_1.7.0/stm32cubeide/plugins/com.st.stm32cube.ide.mcu.externaltools.gnu-tools-for-stm32.10.3-2021.10.win32_1.0.200.202301161003/tools/bin/../lib/gcc/arm-none-eabi/10.3.1/../../../../arm-none-eabi/lib/thumb/v7e-m+fp/hard\libm.a
END GROUP
START GROUP
LOAD c:/st/stm32cubeide_1.7.0/stm32cubeide/plugins/com.st.stm32cube.ide.mcu.externaltools.gnu-tools-for-stm32.10.3-2021.10.win32_1.0.200.202301161003/tools/bin/../lib/gcc/arm-none-eabi/10.3.1/thumb/v7e-m+fp/hard\libgcc.a
LOAD c:/st/stm32cubeide_1.7.0/stm32cubeide/plugins/com.st.stm32cube.ide.mcu.externaltools.gnu-tools-for-stm32.10.3-2021.10.win32_1.0.200.202301161003/tools/bin/../lib/gcc/arm-none-eabi/10.3.1/../../../../arm-none-eabi/lib/thumb/v7e-m+fp/hard\libc_nano.a
END GROUP
START GROUP
LOAD c:/st/stm32cubeide_1.7.0/stm32cubeide/plugins/com.st.stm32cube.ide.mcu.externaltools.gnu-tools-for-stm32.10.3-2021.10.win32_1.0.200.202301161003/tools/bin/../lib/gcc/arm-none-eabi/10.3.1/thumb/v7e-m+fp/hard\libgcc.a
LOAD c:/st/stm32cubeide_1.7.0/stm32cubeide/plugins/com.st.stm32cube.ide.mcu.externaltools.gnu-tools-for-stm32.10.3-2021.10.win32_1.0.200.202301161003/tools/bin/../lib/gcc/arm-none-eabi/10.3.1/../../../../arm-none-eabi/lib/thumb/v7e-m+fp/hard\libc_nano.a
LOAD c:/st/stm32cubeide_1.7.0/stm32cubeide/plugins/com.st.stm32cube.ide.mcu.externaltools.gnu-tools-for-stm32.10.3-2021.10.win32_1.0.200.202301161003/tools/bin/../lib/gcc/arm-none-eabi/10.3.1/../../../../arm-none-eabi/lib/thumb/v7e-m+fp/hard\libnosys.a
END GROUP
START GROUP
LOAD c:/st/stm32cubeide_1.7.0/stm32cubeide/plugins/com.st.stm32cube.ide.mcu.externaltools.gnu-tools-for-stm32.10.3-2021.10.win32_1.0.200.202301161003/tools/bin/../lib/gcc/arm-none-eabi/10.3.1/thumb/v7e-m+fp/hard\libgcc.a
LOAD c:/st/stm32cubeide_1.7.0/stm32cubeide/plugins/com.st.stm32cube.ide.mcu.externaltools.gnu-tools-for-stm32.10.3-2021.10.win32_1.0.200.202301161003/tools/bin/../lib/gcc/arm-none-eabi/10.3.1/../../../../arm-none-eabi/lib/thumb/v7e-m+fp/hard\libc_nano.a
LOAD c:/st/stm32cubeide_1.7.0/stm32cubeide/plugins/com.st.stm32cube.ide.mcu.externaltools.gnu-tools-for-stm32.10.3-2021.10.win32_1.0.200.202301161003/tools/bin/../lib/gcc/arm-none-eabi/10.3.1/../../../../arm-none-eabi/lib/thumb/v7e-m+fp/hard\libnosys.a
END GROUP
LOAD c:/st/stm32cubeide_1.7.0/stm32cubeide/plugins/com.st.stm32cube.ide.mcu.externaltools.gnu-tools-for-stm32.10.3-2021.10.win32_1.0.200.202301161003/tools/bin/../lib/gcc/arm-none-eabi/10.3.1/thumb/v7e-m+fp/hard/crtend.o
LOAD c:/st/stm32cubeide_1.7.0/stm32cubeide/plugins/com.st.stm32cube.ide.mcu.externaltools.gnu-tools-for-stm32.10.3-2021.10.win32_1.0.200.202301161003/tools/bin/../lib/gcc/arm-none-eabi/10.3.1/thumb/v7e-m+fp/hard/crtn.o
                0x0000000020020000                _estack = (ORIGIN (RAM) + LENGTH (RAM))
                0x0000000000000200                _Min_Heap_Size = 0x200
                0x0000000000000400                _Min_Stack_Size = 0x400

.isr_vector     0x0000000008000000      0x188
                0x0000000008000000                . = ALIGN (0x4)
 *(.isr_vector)
 .isr_vector    0x0000000008000000      0x188 ./Core/Startup/startup_stm32f407vgtx.o
                0x0000000008000000                g_pfnVectors
                0x0000000008000188                . = ALIGN (0x4)

.text           0x0000000008000188     0x8454
                0x0000000008000188                . = ALIGN (0x4)
 *(.text)
 .text          0x0000000008000188       0x40 c:/st/stm32cubeide_1.7.0/stm32cubeide/plugins/com.st.stm32cube.ide.mcu.externaltools.gnu-tools-for-stm32.10.3-2021.10.win32_1.0.200.202301161003/tools/bin/../lib/gcc/arm-none-eabi/10.3.1/thumb/v7e-m+fp/hard/crtbegin.o
 .text          0x00000000080001c8       0x30 c:/st/stm32cubeide_1.7.0/stm32cubeide/plugins/com.st.stm32cube.ide.mcu.externaltools.gnu-tools-for-stm32.10.3-2021.10.win32_1.0.200.202301161003/tools/bin/../lib/gcc/arm-none-eabi/10.3.1/thumb/v7e-m+fp/hard\libgcc.a(_aeabi_uldivmod.o)
                0x00000000080001c8                __aeabi_uldivmod
 .text          0x00000000080001f8      0x2d0 c:/st/stm32cubeide_1.7.0/stm32cubeide/plugins/com.st.stm32cube.ide.mcu.externaltools.gnu-tools-for-stm32.10.3-2021.10.win32_1.0.200.202301161003/tools/bin/../lib/gcc/arm-none-eabi/10.3.1/thumb/v7e-m+fp/hard\libgcc.a(_udivmoddi4.o)
                0x00000000080001f8                __udivmoddi4
 .text          0x00000000080004c8        0x4 c:/st/stm32cubeide_1.7.0/stm32cubeide/plugins/com.st.stm32cube.ide.mcu.externaltools.gnu-tools-for-stm32.10.3-2021.10.win32_1.0.200.202301161003/tools/bin/../lib/gcc/arm-none-eabi/10.3.1/thumb/v7e-m+fp/hard\libgcc.a(_dvmd_tls.o)
                0x00000000080004c8                __aeabi_idiv0
                0x00000000080004c8                __aeabi_ldiv0
 *(.text*)
 .text.main     0x00000000080004cc       0x64 ./Core/Src/main.o
                0x00000000080004cc                main
 .text.SystemClock_Config
                0x0000000008000530       0xd4 ./Core/Src/main.o
                0x0000000008000530                SystemClock_Config
 .text.MX_ADC1_Init
                0x0000000008000604       0xa4 ./Core/Src/main.o
 .text.MX_TIM2_Init
                0x00000000080006a8       0xec ./Core/Src/main.o
 .text.MX_GPIO_Init
                0x0000000008000794       0x50 ./Core/Src/main.o
 .text.Error_Handler
                0x00000000080007e4        0xa ./Core/Src/main.o
                0x00000000080007e4                Error_Handler
 *fill*         0x00000000080007ee        0x2 
 .text.HAL_MspInit
                0x00000000080007f0       0x50 ./Core/Src/stm32f4xx_hal_msp.o
                0x00000000080007f0                HAL_MspInit
 .text.HAL_ADC_MspInit
                0x0000000008000840       0x88 ./Core/Src/stm32f4xx_hal_msp.o
                0x0000000008000840                HAL_ADC_MspInit
 .text.HAL_TIM_Base_MspInit
                0x00000000080008c8       0x40 ./Core/Src/stm32f4xx_hal_msp.o
                0x00000000080008c8                HAL_TIM_Base_MspInit
 .text.HAL_TIM_MspPostInit
                0x0000000008000908       0x70 ./Core/Src/stm32f4xx_hal_msp.o
                0x0000000008000908                HAL_TIM_MspPostInit
 .text.NMI_Handler
                0x0000000008000978        0x6 ./Core/Src/stm32f4xx_it.o
                0x0000000008000978                NMI_Handler
 .text.HardFault_Handler
                0x000000000800097e        0x6 ./Core/Src/stm32f4xx_it.o
                0x000000000800097e                HardFault_Handler
 .text.MemManage_Handler
                0x0000000008000984        0x6 ./Core/Src/stm32f4xx_it.o
                0x0000000008000984                MemManage_Handler
 .text.BusFault_Handler
                0x000000000800098a        0x6 ./Core/Src/stm32f4xx_it.o
                0x000000000800098a                BusFault_Handler
 .text.UsageFault_Handler
                0x0000000008000990        0x6 ./Core/Src/stm32f4xx_it.o
                0x0000000008000990                UsageFault_Handler
 .text.SVC_Handler
                0x0000000008000996        0xe ./Core/Src/stm32f4xx_it.o
                0x0000000008000996                SVC_Handler
 .text.DebugMon_Handler
                0x00000000080009a4        0xe ./Core/Src/stm32f4xx_it.o
                0x00000000080009a4                DebugMon_Handler
 .text.PendSV_Handler
                0x00000000080009b2        0xe ./Core/Src/stm32f4xx_it.o
                0x00000000080009b2                PendSV_Handler
 .text.SysTick_Handler
                0x00000000080009c0        0xc ./Core/Src/stm32f4xx_it.o
                0x00000000080009c0                SysTick_Handler
 .text.OTG_FS_IRQHandler
                0x00000000080009cc       0x14 ./Core/Src/stm32f4xx_it.o
                0x00000000080009cc                OTG_FS_IRQHandler
 .text.SystemInit
                0x00000000080009e0       0x24 ./Core/Src/system_stm32f4xx.o
                0x00000000080009e0                SystemInit
 .text.Reset_Handler
                0x0000000008000a04       0x50 ./Core/Startup/startup_stm32f407vgtx.o
                0x0000000008000a04                Reset_Handler
 .text.Default_Handler
                0x0000000008000a54        0x2 ./Core/Startup/startup_stm32f407vgtx.o
                0x0000000008000a54                RTC_Alarm_IRQHandler
                0x0000000008000a54                HASH_RNG_IRQHandler
                0x0000000008000a54                EXTI2_IRQHandler
                0x0000000008000a54                TIM8_CC_IRQHandler
                0x0000000008000a54                TIM1_CC_IRQHandler
                0x0000000008000a54                DMA2_Stream5_IRQHandler
                0x0000000008000a54                DMA1_Stream5_IRQHandler
                0x0000000008000a54                PVD_IRQHandler
                0x0000000008000a54                SDIO_IRQHandler
                0x0000000008000a54                TAMP_STAMP_IRQHandler
                0x0000000008000a54                CAN2_RX1_IRQHandler
                0x0000000008000a54                EXTI3_IRQHandler
                0x0000000008000a54                TIM8_TRG_COM_TIM14_IRQHandler
                0x0000000008000a54                TIM1_UP_TIM10_IRQHandler
                0x0000000008000a54                TIM8_UP_TIM13_IRQHandler
                0x0000000008000a54                I2C3_ER_IRQHandler
                0x0000000008000a54                EXTI0_IRQHandler
                0x0000000008000a54                I2C2_EV_IRQHandler
                0x0000000008000a54                DMA1_Stream2_IRQHandler
                0x0000000008000a54                CAN1_RX0_IRQHandler
                0x0000000008000a54                FPU_IRQHandler
                0x0000000008000a54                OTG_HS_WKUP_IRQHandler
                0x0000000008000a54                CAN2_SCE_IRQHandler
                0x0000000008000a54                DMA2_Stream2_IRQHandler
                0x0000000008000a54                SPI1_IRQHandler
                0x0000000008000a54                TIM6_DAC_IRQHandler
                0x0000000008000a54                TIM1_BRK_TIM9_IRQHandler
                0x0000000008000a54                DCMI_IRQHandler
                0x0000000008000a54                CAN2_RX0_IRQHandler
                0x0000000008000a54                DMA2_Stream3_IRQHandler
                0x0000000008000a54                USART6_IRQHandler
                0x0000000008000a54                USART3_IRQHandler
                0x0000000008000a54                CAN1_RX1_IRQHandler
                0x0000000008000a54                UART5_IRQHandler
                0x0000000008000a54                DMA2_Stream0_IRQHandler
                0x0000000008000a54                TIM4_IRQHandler
                0x0000000008000a54                I2C1_EV_IRQHandler
                0x0000000008000a54                DMA1_Stream6_IRQHandler
                0x0000000008000a54                DMA1_Stream1_IRQHandler
                0x0000000008000a54                UART4_IRQHandler
                0x0000000008000a54                TIM3_IRQHandler
                0x0000000008000a54                RCC_IRQHandler
                0x0000000008000a54                TIM8_BRK_TIM12_IRQHandler
                0x0000000008000a54                Default_Handler
                0x0000000008000a54                EXTI15_10_IRQHandler
                0x0000000008000a54                ADC_IRQHandler
                0x0000000008000a54                DMA1_Stream7_IRQHandler
                0x0000000008000a54                TIM7_IRQHandler
                0x0000000008000a54                CAN2_TX_IRQHandler
                0x0000000008000a54                TIM5_IRQHandler
                0x0000000008000a54                DMA2_Stream7_IRQHandler
                0x0000000008000a54                I2C3_EV_IRQHandler
                0x0000000008000a54                EXTI9_5_IRQHandler
                0x0000000008000a54                RTC_WKUP_IRQHandler
                0x0000000008000a54                ETH_WKUP_IRQHandler
                0x0000000008000a54                SPI2_IRQHandler
                0x0000000008000a54                OTG_HS_EP1_IN_IRQHandler
                0x0000000008000a54                DMA1_Stream0_IRQHandler
                0x0000000008000a54                CAN1_TX_IRQHandler
                0x0000000008000a54                EXTI4_IRQHandler
                0x0000000008000a54                FSMC_IRQHandler
                0x0000000008000a54                ETH_IRQHandler
                0x0000000008000a54                OTG_HS_EP1_OUT_IRQHandler
                0x0000000008000a54                WWDG_IRQHandler
                0x0000000008000a54                TIM2_IRQHandler
                0x0000000008000a54                OTG_FS_WKUP_IRQHandler
                0x0000000008000a54                TIM1_TRG_COM_TIM11_IRQHandler
                0x0000000008000a54                OTG_HS_IRQHandler
                0x0000000008000a54                EXTI1_IRQHandler
                0x0000000008000a54                USART2_IRQHandler
                0x0000000008000a54                I2C2_ER_IRQHandler
                0x0000000008000a54                DMA2_Stream1_IRQHandler
                0x0000000008000a54                CAN1_SCE_IRQHandler
                0x0000000008000a54                FLASH_IRQHandler
                0x0000000008000a54                DMA2_Stream4_IRQHandler
                0x0000000008000a54                USART1_IRQHandler
                0x0000000008000a54                SPI3_IRQHandler
                0x0000000008000a54                DMA1_Stream4_IRQHandler
                0x0000000008000a54                I2C1_ER_IRQHandler
                0x0000000008000a54                DMA2_Stream6_IRQHandler
                0x0000000008000a54                DMA1_Stream3_IRQHandler
 *fill*         0x0000000008000a56        0x2 
 .text.HAL_Init
                0x0000000008000a58       0x44 ./Drivers/STM32F4xx_HAL_Driver/Src/stm32f4xx_hal.o
                0x0000000008000a58                HAL_Init
 .text.HAL_InitTick
                0x0000000008000a9c       0x60 ./Drivers/STM32F4xx_HAL_Driver/Src/stm32f4xx_hal.o
                0x0000000008000a9c                HAL_InitTick
 .text.HAL_IncTick
                0x0000000008000afc       0x28 ./Drivers/STM32F4xx_HAL_Driver/Src/stm32f4xx_hal.o
                0x0000000008000afc                HAL_IncTick
 .text.HAL_GetTick
                0x0000000008000b24       0x18 ./Drivers/STM32F4xx_HAL_Driver/Src/stm32f4xx_hal.o
                0x0000000008000b24                HAL_GetTick
 .text.HAL_Delay
                0x0000000008000b3c       0x48 ./Drivers/STM32F4xx_HAL_Driver/Src/stm32f4xx_hal.o
                0x0000000008000b3c                HAL_Delay
 .text.HAL_ADC_Init
                0x0000000008000b84       0x86 ./Drivers/STM32F4xx_HAL_Driver/Src/stm32f4xx_hal_adc.o
                0x0000000008000b84                HAL_ADC_Init
 *fill*         0x0000000008000c0a        0x2 
 .text.HAL_ADC_Start
                0x0000000008000c0c      0x1a4 ./Drivers/STM32F4xx_HAL_Driver/Src/stm32f4xx_hal_adc.o
                0x0000000008000c0c                HAL_ADC_Start
 .text.HAL_ADC_Stop
                0x0000000008000db0       0x66 ./Drivers/STM32F4xx_HAL_Driver/Src/stm32f4xx_hal_adc.o
                0x0000000008000db0                HAL_ADC_Stop
 .text.HAL_ADC_PollForConversion
                0x0000000008000e16      0x116 ./Drivers/STM32F4xx_HAL_Driver/Src/stm32f4xx_hal_adc.o
                0x0000000008000e16                HAL_ADC_PollForConversion
 .text.HAL_ADC_GetValue
                0x0000000008000f2c       0x1a ./Drivers/STM32F4xx_HAL_Driver/Src/stm32f4xx_hal_adc.o
                0x0000000008000f2c                HAL_ADC_GetValue
 *fill*         0x0000000008000f46        0x2 
 .text.HAL_ADC_ConfigChannel
                0x0000000008000f48      0x244 ./Drivers/STM32F4xx_HAL_Driver/Src/stm32f4xx_hal_adc.o
                0x0000000008000f48                HAL_ADC_ConfigChannel
 .text.ADC_Init
                0x000000000800118c      0x1f8 ./Drivers/STM32F4xx_HAL_Driver/Src/stm32f4xx_hal_adc.o
 .text.__NVIC_SetPriorityGrouping
                0x0000000008001384       0x48 ./Drivers/STM32F4xx_HAL_Driver/Src/stm32f4xx_hal_cortex.o
 .text.__NVIC_GetPriorityGrouping
                0x00000000080013cc       0x1c ./Drivers/STM32F4xx_HAL_Driver/Src/stm32f4xx_hal_cortex.o
 .text.__NVIC_EnableIRQ
                0x00000000080013e8       0x3c ./Drivers/STM32F4xx_HAL_Driver/Src/stm32f4xx_hal_cortex.o
 .text.__NVIC_SetPriority
                0x0000000008001424       0x54 ./Drivers/STM32F4xx_HAL_Driver/Src/stm32f4xx_hal_cortex.o
 .text.NVIC_EncodePriority
                0x0000000008001478       0x66 ./Drivers/STM32F4xx_HAL_Driver/Src/stm32f4xx_hal_cortex.o
 *fill*         0x00000000080014de        0x2 
 .text.SysTick_Config
                0x00000000080014e0       0x44 ./Drivers/STM32F4xx_HAL_Driver/Src/stm32f4xx_hal_cortex.o
 .text.HAL_NVIC_SetPriorityGrouping
                0x0000000008001524       0x16 ./Drivers/STM32F4xx_HAL_Driver/Src/stm32f4xx_hal_cortex.o
                0x0000000008001524                HAL_NVIC_SetPriorityGrouping
 .text.HAL_NVIC_SetPriority
                0x000000000800153a       0x38 ./Drivers/STM32F4xx_HAL_Driver/Src/stm32f4xx_hal_cortex.o
                0x000000000800153a                HAL_NVIC_SetPriority
 .text.HAL_NVIC_EnableIRQ
                0x0000000008001572       0x1c ./Drivers/STM32F4xx_HAL_Driver/Src/stm32f4xx_hal_cortex.o
                0x0000000008001572                HAL_NVIC_EnableIRQ
 .text.HAL_SYSTICK_Config
                0x000000000800158e       0x18 ./Drivers/STM32F4xx_HAL_Driver/Src/stm32f4xx_hal_cortex.o
                0x000000000800158e                HAL_SYSTICK_Config
 *fill*         0x00000000080015a6        0x2 
 .text.HAL_GPIO_Init
                0x00000000080015a8      0x338 ./Drivers/STM32F4xx_HAL_Driver/Src/stm32f4xx_hal_gpio.o
                0x00000000080015a8                HAL_GPIO_Init
 .text.HAL_PCD_Init
                0x00000000080018e0      0x23a ./Drivers/STM32F4xx_HAL_Driver/Src/stm32f4xx_hal_pcd.o
                0x00000000080018e0                HAL_PCD_Init
 .text.HAL_PCD_Start
                0x0000000008001b1a       0x66 ./Drivers/STM32F4xx_HAL_Driver/Src/stm32f4xx_hal_pcd.o
                0x0000000008001b1a                HAL_PCD_Start
 .text.HAL_PCD_IRQHandler
                0x0000000008001b80      0x93e ./Drivers/STM32F4xx_HAL_Driver/Src/stm32f4xx_hal_pcd.o
                0x0000000008001b80                HAL_PCD_IRQHandler
 .text.HAL_PCD_SetAddress
                0x00000000080024be       0x4a ./Drivers/STM32F4xx_HAL_Driver/Src/stm32f4xx_hal_pcd.o
                0x00000000080024be                HAL_PCD_SetAddress
 .text.HAL_PCD_EP_Open
                0x0000000008002508       0xd0 ./Drivers/STM32F4xx_HAL_Driver/Src/stm32f4xx_hal_pcd.o
                0x0000000008002508                HAL_PCD_EP_Open
 .text.HAL_PCD_EP_Close
                0x00000000080025d8       0x94 ./Drivers/STM32F4xx_HAL_Driver/Src/stm32f4xx_hal_pcd.o
                0x00000000080025d8                HAL_PCD_EP_Close
 .text.HAL_PCD_EP_Receive
                0x000000000800266c       0x96 ./Drivers/STM32F4xx_HAL_Driver/Src/stm32f4xx_hal_pcd.o
                0x000000000800266c                HAL_PCD_EP_Receive
 .text.HAL_PCD_EP_GetRxCount
                0x0000000008002702       0x30 ./Drivers/STM32F4xx_HAL_Driver/Src/stm32f4xx_hal_pcd.o
                0x0000000008002702                HAL_PCD_EP_GetRxCount
 .text.HAL_PCD_EP_Transmit
                0x0000000008002732       0x94 ./Drivers/STM32F4xx_HAL_Driver/Src/stm32f4xx_hal_pcd.o
                0x0000000008002732                HAL_PCD_EP_Transmit
 .text.HAL_PCD_EP_SetStall
                0x00000000080027c6       0xc8 ./Drivers/STM32F4xx_HAL_Driver/Src/stm32f4xx_hal_pcd.o
                0x00000000080027c6                HAL_PCD_EP_SetStall
 .text.HAL_PCD_EP_ClrStall
                0x000000000800288e       0xac ./Drivers/STM32F4xx_HAL_Driver/Src/stm32f4xx_hal_pcd.o
                0x000000000800288e                HAL_PCD_EP_ClrStall
 .text.HAL_PCD_EP_Abort
                0x000000000800293a       0x62 ./Drivers/STM32F4xx_HAL_Driver/Src/stm32f4xx_hal_pcd.o
                0x000000000800293a                HAL_PCD_EP_Abort
 .text.PCD_WriteEmptyTxFifo
                0x000000000800299c      0x11a ./Drivers/STM32F4xx_HAL_Driver/Src/stm32f4xx_hal_pcd.o
 *fill*         0x0000000008002ab6        0x2 
 .text.PCD_EP_OutXfrComplete_int
                0x0000000008002ab8      0x1d0 ./Drivers/STM32F4xx_HAL_Driver/Src/stm32f4xx_hal_pcd.o
 .text.PCD_EP_OutSetupPacket_int
                0x0000000008002c88       0x8c ./Drivers/STM32F4xx_HAL_Driver/Src/stm32f4xx_hal_pcd.o
 .text.HAL_PCDEx_SetTxFiFo
                0x0000000008002d14       0x8e ./Drivers/STM32F4xx_HAL_Driver/Src/stm32f4xx_hal_pcd_ex.o
                0x0000000008002d14                HAL_PCDEx_SetTxFiFo
 .text.HAL_PCDEx_SetRxFiFo
                0x0000000008002da2       0x22 ./Drivers/STM32F4xx_HAL_Driver/Src/stm32f4xx_hal_pcd_ex.o
                0x0000000008002da2                HAL_PCDEx_SetRxFiFo
 .text.HAL_PCDEx_LPM_Callback
                0x0000000008002dc4       0x18 ./Drivers/STM32F4xx_HAL_Driver/Src/stm32f4xx_hal_pcd_ex.o
                0x0000000008002dc4                HAL_PCDEx_LPM_Callback
 .text.HAL_RCC_OscConfig
                0x0000000008002ddc      0x4f0 ./Drivers/STM32F4xx_HAL_Driver/Src/stm32f4xx_hal_rcc.o
                0x0000000008002ddc                HAL_RCC_OscConfig
 .text.HAL_RCC_ClockConfig
                0x00000000080032cc      0x1cc ./Drivers/STM32F4xx_HAL_Driver/Src/stm32f4xx_hal_rcc.o
                0x00000000080032cc                HAL_RCC_ClockConfig
 .text.HAL_RCC_GetSysClockFreq
                0x0000000008003498      0x20c ./Drivers/STM32F4xx_HAL_Driver/Src/stm32f4xx_hal_rcc.o
                0x0000000008003498                HAL_RCC_GetSysClockFreq
 .text.HAL_RCC_GetHCLKFreq
                0x00000000080036a4       0x18 ./Drivers/STM32F4xx_HAL_Driver/Src/stm32f4xx_hal_rcc.o
                0x00000000080036a4                HAL_RCC_GetHCLKFreq
 .text.HAL_TIM_Base_Init
                0x00000000080036bc       0x9e ./Drivers/STM32F4xx_HAL_Driver/Src/stm32f4xx_hal_tim.o
                0x00000000080036bc                HAL_TIM_Base_Init
 .text.HAL_TIM_PWM_Init
                0x000000000800375a       0x9e ./Drivers/STM32F4xx_HAL_Driver/Src/stm32f4xx_hal_tim.o
                0x000000000800375a                HAL_TIM_PWM_Init
 .text.HAL_TIM_PWM_MspInit
                0x00000000080037f8       0x14 ./Drivers/STM32F4xx_HAL_Driver/Src/stm32f4xx_hal_tim.o
                0x00000000080037f8                HAL_TIM_PWM_MspInit
 .text.HAL_TIM_PWM_Start
                0x000000000800380c      0x190 ./Drivers/STM32F4xx_HAL_Driver/Src/stm32f4xx_hal_tim.o
                0x000000000800380c                HAL_TIM_PWM_Start
 .text.HAL_TIM_PWM_ConfigChannel
                0x000000000800399c      0x184 ./Drivers/STM32F4xx_HAL_Driver/Src/stm32f4xx_hal_tim.o
                0x000000000800399c                HAL_TIM_PWM_ConfigChannel
 .text.HAL_TIM_ConfigClockSource
                0x0000000008003b20      0x18e ./Drivers/STM32F4xx_HAL_Driver/Src/stm32f4xx_hal_tim.o
                0x0000000008003b20                HAL_TIM_ConfigClockSource
 *fill*         0x0000000008003cae        0x2 
 .text.TIM_Base_SetConfig
                0x0000000008003cb0      0x140 ./Drivers/STM32F4xx_HAL_Driver/Src/stm32f4xx_hal_tim.o
                0x0000000008003cb0                TIM_Base_SetConfig
 .text.TIM_OC1_SetConfig
                0x0000000008003df0       0xe0 ./Drivers/STM32F4xx_HAL_Driver/Src/stm32f4xx_hal_tim.o
 .text.TIM_OC2_SetConfig
                0x0000000008003ed0       0xec ./Drivers/STM32F4xx_HAL_Driver/Src/stm32f4xx_hal_tim.o
                0x0000000008003ed0                TIM_OC2_SetConfig
 .text.TIM_OC3_SetConfig
                0x0000000008003fbc       0xe8 ./Drivers/STM32F4xx_HAL_Driver/Src/stm32f4xx_hal_tim.o
 .text.TIM_OC4_SetConfig
                0x00000000080040a4       0xac ./Drivers/STM32F4xx_HAL_Driver/Src/stm32f4xx_hal_tim.o
 .text.TIM_TI1_ConfigInputStage
                0x0000000008004150       0x5e ./Drivers/STM32F4xx_HAL_Driver/Src/stm32f4xx_hal_tim.o
 .text.TIM_TI2_ConfigInputStage
                0x00000000080041ae       0x60 ./Drivers/STM32F4xx_HAL_Driver/Src/stm32f4xx_hal_tim.o
 .text.TIM_ITRx_SetConfig
                0x000000000800420e       0x36 ./Drivers/STM32F4xx_HAL_Driver/Src/stm32f4xx_hal_tim.o
 .text.TIM_ETR_SetConfig
                0x0000000008004244       0x40 ./Drivers/STM32F4xx_HAL_Driver/Src/stm32f4xx_hal_tim.o
                0x0000000008004244                TIM_ETR_SetConfig
 .text.TIM_CCxChannelCmd
                0x0000000008004284       0x4a ./Drivers/STM32F4xx_HAL_Driver/Src/stm32f4xx_hal_tim.o
                0x0000000008004284                TIM_CCxChannelCmd
 *fill*         0x00000000080042ce        0x2 
 .text.HAL_TIMEx_MasterConfigSynchronization
                0x00000000080042d0       0xf8 ./Drivers/STM32F4xx_HAL_Driver/Src/stm32f4xx_hal_tim_ex.o
                0x00000000080042d0                HAL_TIMEx_MasterConfigSynchronization
 .text.USB_CoreInit
                0x00000000080043c8       0xc2 ./Drivers/STM32F4xx_HAL_Driver/Src/stm32f4xx_ll_usb.o
                0x00000000080043c8                USB_CoreInit
 *fill*         0x000000000800448a        0x2 
 .text.USB_SetTurnaroundTime
                0x000000000800448c      0x144 ./Drivers/STM32F4xx_HAL_Driver/Src/stm32f4xx_ll_usb.o
                0x000000000800448c                USB_SetTurnaroundTime
 .text.USB_EnableGlobalInt
                0x00000000080045d0       0x22 ./Drivers/STM32F4xx_HAL_Driver/Src/stm32f4xx_ll_usb.o
                0x00000000080045d0                USB_EnableGlobalInt
 .text.USB_DisableGlobalInt
                0x00000000080045f2       0x22 ./Drivers/STM32F4xx_HAL_Driver/Src/stm32f4xx_ll_usb.o
                0x00000000080045f2                USB_DisableGlobalInt
 .text.USB_SetCurrentMode
                0x0000000008004614       0x98 ./Drivers/STM32F4xx_HAL_Driver/Src/stm32f4xx_ll_usb.o
                0x0000000008004614                USB_SetCurrentMode
 .text.USB_DevInit
                0x00000000080046ac      0x2c8 ./Drivers/STM32F4xx_HAL_Driver/Src/stm32f4xx_ll_usb.o
                0x00000000080046ac                USB_DevInit
 .text.USB_FlushTxFifo
                0x0000000008004974       0x68 ./Drivers/STM32F4xx_HAL_Driver/Src/stm32f4xx_ll_usb.o
                0x0000000008004974                USB_FlushTxFifo
 .text.USB_FlushRxFifo
                0x00000000080049dc       0x60 ./Drivers/STM32F4xx_HAL_Driver/Src/stm32f4xx_ll_usb.o
                0x00000000080049dc                USB_FlushRxFifo
 .text.USB_SetDevSpeed
                0x0000000008004a3c       0x32 ./Drivers/STM32F4xx_HAL_Driver/Src/stm32f4xx_ll_usb.o
                0x0000000008004a3c                USB_SetDevSpeed
 .text.USB_GetDevSpeed
                0x0000000008004a6e       0x4a ./Drivers/STM32F4xx_HAL_Driver/Src/stm32f4xx_ll_usb.o
                0x0000000008004a6e                USB_GetDevSpeed
 .text.USB_ActivateEndpoint
                0x0000000008004ab8      0x10e ./Drivers/STM32F4xx_HAL_Driver/Src/stm32f4xx_ll_usb.o
                0x0000000008004ab8                USB_ActivateEndpoint
 *fill*         0x0000000008004bc6        0x2 
 .text.USB_DeactivateEndpoint
                0x0000000008004bc8      0x1b8 ./Drivers/STM32F4xx_HAL_Driver/Src/stm32f4xx_ll_usb.o
                0x0000000008004bc8                USB_DeactivateEndpoint
 .text.USB_EPStartXfer
                0x0000000008004d80      0x490 ./Drivers/STM32F4xx_HAL_Driver/Src/stm32f4xx_ll_usb.o
                0x0000000008004d80                USB_EPStartXfer
 .text.USB_EP0StartXfer
                0x0000000008005210      0x2b0 ./Drivers/STM32F4xx_HAL_Driver/Src/stm32f4xx_ll_usb.o
                0x0000000008005210                USB_EP0StartXfer
 .text.USB_EPStopXfer
                0x00000000080054c0      0x154 ./Drivers/STM32F4xx_HAL_Driver/Src/stm32f4xx_ll_usb.o
                0x00000000080054c0                USB_EPStopXfer
 .text.USB_WritePacket
                0x0000000008005614       0x7c ./Drivers/STM32F4xx_HAL_Driver/Src/stm32f4xx_ll_usb.o
                0x0000000008005614                USB_WritePacket
 .text.USB_ReadPacket
                0x0000000008005690       0xb0 ./Drivers/STM32F4xx_HAL_Driver/Src/stm32f4xx_ll_usb.o
                0x0000000008005690                USB_ReadPacket
 .text.USB_EPSetStall
                0x0000000008005740       0xdc ./Drivers/STM32F4xx_HAL_Driver/Src/stm32f4xx_ll_usb.o
                0x0000000008005740                USB_EPSetStall
 .text.USB_EPClearStall
                0x000000000800581c       0xcc ./Drivers/STM32F4xx_HAL_Driver/Src/stm32f4xx_ll_usb.o
                0x000000000800581c                USB_EPClearStall
 .text.USB_SetDevAddress
                0x00000000080058e8       0x4c ./Drivers/STM32F4xx_HAL_Driver/Src/stm32f4xx_ll_usb.o
                0x00000000080058e8                USB_SetDevAddress
 .text.USB_DevConnect
                0x0000000008005934       0x42 ./Drivers/STM32F4xx_HAL_Driver/Src/stm32f4xx_ll_usb.o
                0x0000000008005934                USB_DevConnect
 .text.USB_DevDisconnect
                0x0000000008005976       0x42 ./Drivers/STM32F4xx_HAL_Driver/Src/stm32f4xx_ll_usb.o
                0x0000000008005976                USB_DevDisconnect
 .text.USB_ReadInterrupts
                0x00000000080059b8       0x26 ./Drivers/STM32F4xx_HAL_Driver/Src/stm32f4xx_ll_usb.o
                0x00000000080059b8                USB_ReadInterrupts
 .text.USB_ReadDevAllOutEpInterrupt
                0x00000000080059de       0x34 ./Drivers/STM32F4xx_HAL_Driver/Src/stm32f4xx_ll_usb.o
                0x00000000080059de                USB_ReadDevAllOutEpInterrupt
 .text.USB_ReadDevAllInEpInterrupt
                0x0000000008005a12       0x34 ./Drivers/STM32F4xx_HAL_Driver/Src/stm32f4xx_ll_usb.o
                0x0000000008005a12                USB_ReadDevAllInEpInterrupt
 .text.USB_ReadDevOutEPInterrupt
                0x0000000008005a46       0x3c ./Drivers/STM32F4xx_HAL_Driver/Src/stm32f4xx_ll_usb.o
                0x0000000008005a46                USB_ReadDevOutEPInterrupt
 .text.USB_ReadDevInEPInterrupt
                0x0000000008005a82       0x5c ./Drivers/STM32F4xx_HAL_Driver/Src/stm32f4xx_ll_usb.o
                0x0000000008005a82                USB_ReadDevInEPInterrupt
 .text.USB_GetMode
                0x0000000008005ade       0x1c ./Drivers/STM32F4xx_HAL_Driver/Src/stm32f4xx_ll_usb.o
                0x0000000008005ade                USB_GetMode
 .text.USB_ActivateSetup
                0x0000000008005afa       0x46 ./Drivers/STM32F4xx_HAL_Driver/Src/stm32f4xx_ll_usb.o
                0x0000000008005afa                USB_ActivateSetup
 .text.USB_EP0_OutStart
                0x0000000008005b40       0xbc ./Drivers/STM32F4xx_HAL_Driver/Src/stm32f4xx_ll_usb.o
                0x0000000008005b40                USB_EP0_OutStart
 .text.USB_CoreReset
                0x0000000008005bfc       0x68 ./Drivers/STM32F4xx_HAL_Driver/Src/stm32f4xx_ll_usb.o
 .text.USBD_CDC_Init
                0x0000000008005c64      0x1f0 ./Middlewares/ST/STM32_USB_Device_Library/Class/CDC/Src/usbd_cdc.o
 .text.USBD_CDC_DeInit
                0x0000000008005e54      0x104 ./Middlewares/ST/STM32_USB_Device_Library/Class/CDC/Src/usbd_cdc.o
 .text.USBD_CDC_Setup
                0x0000000008005f58      0x1b8 ./Middlewares/ST/STM32_USB_Device_Library/Class/CDC/Src/usbd_cdc.o
 .text.USBD_CDC_DataIn
                0x0000000008006110       0xfe ./Middlewares/ST/STM32_USB_Device_Library/Class/CDC/Src/usbd_cdc.o
 .text.USBD_CDC_DataOut
                0x000000000800620e       0x70 ./Middlewares/ST/STM32_USB_Device_Library/Class/CDC/Src/usbd_cdc.o
 .text.USBD_CDC_EP0_RxReady
                0x000000000800627e       0x76 ./Middlewares/ST/STM32_USB_Device_Library/Class/CDC/Src/usbd_cdc.o
 .text.USBD_CDC_GetFSCfgDesc
                0x00000000080062f4       0x70 ./Middlewares/ST/STM32_USB_Device_Library/Class/CDC/Src/usbd_cdc.o
 .text.USBD_CDC_GetHSCfgDesc
                0x0000000008006364       0x70 ./Middlewares/ST/STM32_USB_Device_Library/Class/CDC/Src/usbd_cdc.o
 .text.USBD_CDC_GetOtherSpeedCfgDesc
                0x00000000080063d4       0x70 ./Middlewares/ST/STM32_USB_Device_Library/Class/CDC/Src/usbd_cdc.o
 .text.USBD_CDC_GetDeviceQualifierDescriptor
                0x0000000008006444       0x20 ./Middlewares/ST/STM32_USB_Device_Library/Class/CDC/Src/usbd_cdc.o
                0x0000000008006444                USBD_CDC_GetDeviceQualifierDescriptor
 .text.USBD_CDC_RegisterInterface
                0x0000000008006464       0x34 ./Middlewares/ST/STM32_USB_Device_Library/Class/CDC/Src/usbd_cdc.o
                0x0000000008006464                USBD_CDC_RegisterInterface
 .text.USBD_CDC_SetTxBuffer
                0x0000000008006498       0x44 ./Middlewares/ST/STM32_USB_Device_Library/Class/CDC/Src/usbd_cdc.o
                0x0000000008006498                USBD_CDC_SetTxBuffer
 .text.USBD_CDC_SetRxBuffer
                0x00000000080064dc       0x3a ./Middlewares/ST/STM32_USB_Device_Library/Class/CDC/Src/usbd_cdc.o
                0x00000000080064dc                USBD_CDC_SetRxBuffer
 *fill*         0x0000000008006516        0x2 
 .text.USBD_CDC_ReceivePacket
                0x0000000008006518       0x6c ./Middlewares/ST/STM32_USB_Device_Library/Class/CDC/Src/usbd_cdc.o
                0x0000000008006518                USBD_CDC_ReceivePacket
 .text.USBD_Init
                0x0000000008006584       0x60 ./Middlewares/ST/STM32_USB_Device_Library/Core/Src/usbd_core.o
                0x0000000008006584                USBD_Init
 .text.USBD_RegisterClass
                0x00000000080065e4       0x6c ./Middlewares/ST/STM32_USB_Device_Library/Core/Src/usbd_core.o
                0x00000000080065e4                USBD_RegisterClass
 .text.USBD_Start
                0x0000000008006650       0x18 ./Middlewares/ST/STM32_USB_Device_Library/Core/Src/usbd_core.o
                0x0000000008006650                USBD_Start
 .text.USBD_RunTestMode
                0x0000000008006668       0x16 ./Middlewares/ST/STM32_USB_Device_Library/Core/Src/usbd_core.o
                0x0000000008006668                USBD_RunTestMode
 .text.USBD_SetClassConfig
                0x000000000800667e       0x38 ./Middlewares/ST/STM32_USB_Device_Library/Core/Src/usbd_core.o
                0x000000000800667e                USBD_SetClassConfig
 .text.USBD_ClrClassConfig
                0x00000000080066b6       0x34 ./Middlewares/ST/STM32_USB_Device_Library/Core/Src/usbd_core.o
                0x00000000080066b6                USBD_ClrClassConfig
 .text.USBD_LL_SetupStage
                0x00000000080066ea       0xaa ./Middlewares/ST/STM32_USB_Device_Library/Core/Src/usbd_core.o
                0x00000000080066ea                USBD_LL_SetupStage
 .text.USBD_LL_DataOutStage
                0x0000000008006794      0x166 ./Middlewares/ST/STM32_USB_Device_Library/Core/Src/usbd_core.o
                0x0000000008006794                USBD_LL_DataOutStage
 .text.USBD_LL_DataInStage
                0x00000000080068fa      0x164 ./Middlewares/ST/STM32_USB_Device_Library/Core/Src/usbd_core.o
                0x00000000080068fa                USBD_LL_DataInStage
 .text.USBD_LL_Reset
                0x0000000008006a5e       0xa4 ./Middlewares/ST/STM32_USB_Device_Library/Core/Src/usbd_core.o
                0x0000000008006a5e                USBD_LL_Reset
 .text.USBD_LL_SetSpeed
                0x0000000008006b02       0x20 ./Middlewares/ST/STM32_USB_Device_Library/Core/Src/usbd_core.o
                0x0000000008006b02                USBD_LL_SetSpeed
 .text.USBD_LL_Suspend
                0x0000000008006b22       0x2c ./Middlewares/ST/STM32_USB_Device_Library/Core/Src/usbd_core.o
                0x0000000008006b22                USBD_LL_Suspend
 .text.USBD_LL_Resume
                0x0000000008006b4e       0x30 ./Middlewares/ST/STM32_USB_Device_Library/Core/Src/usbd_core.o
                0x0000000008006b4e                USBD_LL_Resume
 .text.USBD_LL_SOF
                0x0000000008006b7e       0x40 ./Middlewares/ST/STM32_USB_Device_Library/Core/Src/usbd_core.o
                0x0000000008006b7e                USBD_LL_SOF
 .text.USBD_LL_IsoINIncomplete
                0x0000000008006bbe       0x64 ./Middlewares/ST/STM32_USB_Device_Library/Core/Src/usbd_core.o
                0x0000000008006bbe                USBD_LL_IsoINIncomplete
 .text.USBD_LL_IsoOUTIncomplete
                0x0000000008006c22       0x64 ./Middlewares/ST/STM32_USB_Device_Library/Core/Src/usbd_core.o
                0x0000000008006c22                USBD_LL_IsoOUTIncomplete
 .text.USBD_LL_DevConnected
                0x0000000008006c86       0x16 ./Middlewares/ST/STM32_USB_Device_Library/Core/Src/usbd_core.o
                0x0000000008006c86                USBD_LL_DevConnected
 .text.USBD_LL_DevDisconnected
                0x0000000008006c9c       0x46 ./Middlewares/ST/STM32_USB_Device_Library/Core/Src/usbd_core.o
                0x0000000008006c9c                USBD_LL_DevDisconnected
 .text.USBD_CoreFindIF
                0x0000000008006ce2       0x1a ./Middlewares/ST/STM32_USB_Device_Library/Core/Src/usbd_core.o
                0x0000000008006ce2                USBD_CoreFindIF
 .text.USBD_CoreFindEP
                0x0000000008006cfc       0x1a ./Middlewares/ST/STM32_USB_Device_Library/Core/Src/usbd_core.o
                0x0000000008006cfc                USBD_CoreFindEP
 .text.USBD_GetEpDesc
                0x0000000008006d16       0x74 ./Middlewares/ST/STM32_USB_Device_Library/Core/Src/usbd_core.o
                0x0000000008006d16                USBD_GetEpDesc
 .text.USBD_GetNextDesc
                0x0000000008006d8a       0x3a ./Middlewares/ST/STM32_USB_Device_Library/Core/Src/usbd_core.o
                0x0000000008006d8a                USBD_GetNextDesc
 .text.SWAPBYTE
                0x0000000008006dc4       0x3c ./Middlewares/ST/STM32_USB_Device_Library/Core/Src/usbd_ctlreq.o
 .text.USBD_StdDevReq
                0x0000000008006e00       0xe4 ./Middlewares/ST/STM32_USB_Device_Library/Core/Src/usbd_ctlreq.o
                0x0000000008006e00                USBD_StdDevReq
 .text.USBD_StdItfReq
                0x0000000008006ee4       0xd8 ./Middlewares/ST/STM32_USB_Device_Library/Core/Src/usbd_ctlreq.o
                0x0000000008006ee4                USBD_StdItfReq
 .text.USBD_StdEPReq
                0x0000000008006fbc      0x33a ./Middlewares/ST/STM32_USB_Device_Library/Core/Src/usbd_ctlreq.o
                0x0000000008006fbc                USBD_StdEPReq
 *fill*         0x00000000080072f6        0x2 
 .text.USBD_GetDescriptor
                0x00000000080072f8      0x2d4 ./Middlewares/ST/STM32_USB_Device_Library/Core/Src/usbd_ctlreq.o
 .text.USBD_SetAddress
                0x00000000080075cc       0x88 ./Middlewares/ST/STM32_USB_Device_Library/Core/Src/usbd_ctlreq.o
 .text.USBD_SetConfig
                0x0000000008007654      0x154 ./Middlewares/ST/STM32_USB_Device_Library/Core/Src/usbd_ctlreq.o
 .text.USBD_GetConfig
                0x00000000080077a8       0x6c ./Middlewares/ST/STM32_USB_Device_Library/Core/Src/usbd_ctlreq.o
 .text.USBD_GetStatus
                0x0000000008007814       0x68 ./Middlewares/ST/STM32_USB_Device_Library/Core/Src/usbd_ctlreq.o
 .text.USBD_SetFeature
                0x000000000800787c       0x52 ./Middlewares/ST/STM32_USB_Device_Library/Core/Src/usbd_ctlreq.o
 .text.USBD_ClrFeature
                0x00000000080078ce       0x44 ./Middlewares/ST/STM32_USB_Device_Library/Core/Src/usbd_ctlreq.o
 .text.USBD_ParseSetupRequest
                0x0000000008007912       0x74 ./Middlewares/ST/STM32_USB_Device_Library/Core/Src/usbd_ctlreq.o
                0x0000000008007912                USBD_ParseSetupRequest
 .text.USBD_CtlError
                0x0000000008007986       0x22 ./Middlewares/ST/STM32_USB_Device_Library/Core/Src/usbd_ctlreq.o
                0x0000000008007986                USBD_CtlError
 .text.USBD_GetString
                0x00000000080079a8       0x8c ./Middlewares/ST/STM32_USB_Device_Library/Core/Src/usbd_ctlreq.o
                0x00000000080079a8                USBD_GetString
 .text.USBD_GetLen
                0x0000000008007a34       0x34 ./Middlewares/ST/STM32_USB_Device_Library/Core/Src/usbd_ctlreq.o
 .text.USBD_CtlSendData
                0x0000000008007a68       0x36 ./Middlewares/ST/STM32_USB_Device_Library/Core/Src/usbd_ioreq.o
                0x0000000008007a68                USBD_CtlSendData
 .text.USBD_CtlContinueSendData
                0x0000000008007a9e       0x22 ./Middlewares/ST/STM32_USB_Device_Library/Core/Src/usbd_ioreq.o
                0x0000000008007a9e                USBD_CtlContinueSendData
 .text.USBD_CtlPrepareRx
                0x0000000008007ac0       0x3a ./Middlewares/ST/STM32_USB_Device_Library/Core/Src/usbd_ioreq.o
                0x0000000008007ac0                USBD_CtlPrepareRx
 .text.USBD_CtlContinueRx
                0x0000000008007afa       0x22 ./Middlewares/ST/STM32_USB_Device_Library/Core/Src/usbd_ioreq.o
                0x0000000008007afa                USBD_CtlContinueRx
 .text.USBD_CtlSendStatus
                0x0000000008007b1c       0x26 ./Middlewares/ST/STM32_USB_Device_Library/Core/Src/usbd_ioreq.o
                0x0000000008007b1c                USBD_CtlSendStatus
 .text.USBD_CtlReceiveStatus
                0x0000000008007b42       0x26 ./Middlewares/ST/STM32_USB_Device_Library/Core/Src/usbd_ioreq.o
                0x0000000008007b42                USBD_CtlReceiveStatus
 .text.MX_USB_DEVICE_Init
                0x0000000008007b68       0x60 ./USB_DEVICE/App/usb_device.o
                0x0000000008007b68                MX_USB_DEVICE_Init
 .text.CDC_Init_FS
                0x0000000008007bc8       0x28 ./USB_DEVICE/App/usbd_cdc_if.o
 .text.CDC_DeInit_FS
                0x0000000008007bf0       0x10 ./USB_DEVICE/App/usbd_cdc_if.o
 .text.CDC_Control_FS
                0x0000000008007c00       0xbc ./USB_DEVICE/App/usbd_cdc_if.o
 .text.CDC_Receive_FS
                0x0000000008007cbc       0x28 ./USB_DEVICE/App/usbd_cdc_if.o
 .text.CDC_TransmitCplt_FS
                0x0000000008007ce4       0x22 ./USB_DEVICE/App/usbd_cdc_if.o
 *fill*         0x0000000008007d06        0x2 
 .text.USBD_FS_DeviceDescriptor
                0x0000000008007d08       0x24 ./USB_DEVICE/App/usbd_desc.o
                0x0000000008007d08                USBD_FS_DeviceDescriptor
 .text.USBD_FS_LangIDStrDescriptor
                0x0000000008007d2c       0x24 ./USB_DEVICE/App/usbd_desc.o
                0x0000000008007d2c                USBD_FS_LangIDStrDescriptor
 .text.USBD_FS_ProductStrDescriptor
                0x0000000008007d50       0x3c ./USB_DEVICE/App/usbd_desc.o
                0x0000000008007d50                USBD_FS_ProductStrDescriptor
 .text.USBD_FS_ManufacturerStrDescriptor
                0x0000000008007d8c       0x28 ./USB_DEVICE/App/usbd_desc.o
                0x0000000008007d8c                USBD_FS_ManufacturerStrDescriptor
 .text.USBD_FS_SerialStrDescriptor
                0x0000000008007db4       0x24 ./USB_DEVICE/App/usbd_desc.o
                0x0000000008007db4                USBD_FS_SerialStrDescriptor
 .text.USBD_FS_ConfigStrDescriptor
                0x0000000008007dd8       0x3c ./USB_DEVICE/App/usbd_desc.o
                0x0000000008007dd8                USBD_FS_ConfigStrDescriptor
 .text.USBD_FS_InterfaceStrDescriptor
                0x0000000008007e14       0x3c ./USB_DEVICE/App/usbd_desc.o
                0x0000000008007e14                USBD_FS_InterfaceStrDescriptor
 .text.Get_SerialNum
                0x0000000008007e50       0x58 ./USB_DEVICE/App/usbd_desc.o
 .text.IntToUnicode
                0x0000000008007ea8       0x7e ./USB_DEVICE/App/usbd_desc.o
 *fill*         0x0000000008007f26        0x2 
 .text.HAL_PCD_MspInit
                0x0000000008007f28       0xc4 ./USB_DEVICE/Target/usbd_conf.o
                0x0000000008007f28                HAL_PCD_MspInit
 .text.HAL_PCD_SetupStageCallback
                0x0000000008007fec       0x24 ./USB_DEVICE/Target/usbd_conf.o
                0x0000000008007fec                HAL_PCD_SetupStageCallback
 .text.HAL_PCD_DataOutStageCallback
                0x0000000008008010       0x36 ./USB_DEVICE/Target/usbd_conf.o
                0x0000000008008010                HAL_PCD_DataOutStageCallback
 .text.HAL_PCD_DataInStageCallback
                0x0000000008008046       0x34 ./USB_DEVICE/Target/usbd_conf.o
                0x0000000008008046                HAL_PCD_DataInStageCallback
 .text.HAL_PCD_SOFCallback
                0x000000000800807a       0x1c ./USB_DEVICE/Target/usbd_conf.o
                0x000000000800807a                HAL_PCD_SOFCallback
 .text.HAL_PCD_ResetCallback
                0x0000000008008096       0x50 ./USB_DEVICE/Target/usbd_conf.o
                0x0000000008008096                HAL_PCD_ResetCallback
 *fill*         0x00000000080080e6        0x2 
 .text.HAL_PCD_SuspendCallback
                0x00000000080080e8       0x4c ./USB_DEVICE/Target/usbd_conf.o
                0x00000000080080e8                HAL_PCD_SuspendCallback
 .text.HAL_PCD_ResumeCallback
                0x0000000008008134       0x1c ./USB_DEVICE/Target/usbd_conf.o
                0x0000000008008134                HAL_PCD_ResumeCallback
 .text.HAL_PCD_ISOOUTIncompleteCallback
                0x0000000008008150       0x24 ./USB_DEVICE/Target/usbd_conf.o
                0x0000000008008150                HAL_PCD_ISOOUTIncompleteCallback
 .text.HAL_PCD_ISOINIncompleteCallback
                0x0000000008008174       0x24 ./USB_DEVICE/Target/usbd_conf.o
                0x0000000008008174                HAL_PCD_ISOINIncompleteCallback
 .text.HAL_PCD_ConnectCallback
                0x0000000008008198       0x1c ./USB_DEVICE/Target/usbd_conf.o
                0x0000000008008198                HAL_PCD_ConnectCallback
 .text.HAL_PCD_DisconnectCallback
                0x00000000080081b4       0x1c ./USB_DEVICE/Target/usbd_conf.o
                0x00000000080081b4                HAL_PCD_DisconnectCallback
 .text.USBD_LL_Init
                0x00000000080081d0       0x98 ./USB_DEVICE/Target/usbd_conf.o
                0x00000000080081d0                USBD_LL_Init
 .text.USBD_LL_Start
                0x0000000008008268       0x36 ./USB_DEVICE/Target/usbd_conf.o
                0x0000000008008268                USBD_LL_Start
 .text.USBD_LL_OpenEP
                0x000000000800829e       0x4c ./USB_DEVICE/Target/usbd_conf.o
                0x000000000800829e                USBD_LL_OpenEP
 .text.USBD_LL_CloseEP
                0x00000000080082ea       0x3e ./USB_DEVICE/Target/usbd_conf.o
                0x00000000080082ea                USBD_LL_CloseEP
 .text.USBD_LL_StallEP
                0x0000000008008328       0x3e ./USB_DEVICE/Target/usbd_conf.o
                0x0000000008008328                USBD_LL_StallEP
 .text.USBD_LL_ClearStallEP
                0x0000000008008366       0x3e ./USB_DEVICE/Target/usbd_conf.o
                0x0000000008008366                USBD_LL_ClearStallEP
 .text.USBD_LL_IsStallEP
                0x00000000080083a4       0x58 ./USB_DEVICE/Target/usbd_conf.o
                0x00000000080083a4                USBD_LL_IsStallEP
 .text.USBD_LL_SetUSBAddress
                0x00000000080083fc       0x3e ./USB_DEVICE/Target/usbd_conf.o
                0x00000000080083fc                USBD_LL_SetUSBAddress
 .text.USBD_LL_Transmit
                0x000000000800843a       0x42 ./USB_DEVICE/Target/usbd_conf.o
                0x000000000800843a                USBD_LL_Transmit
 .text.USBD_LL_PrepareReceive
                0x000000000800847c       0x42 ./USB_DEVICE/Target/usbd_conf.o
                0x000000000800847c                USBD_LL_PrepareReceive
 .text.USBD_LL_GetRxDataSize
                0x00000000080084be       0x26 ./USB_DEVICE/Target/usbd_conf.o
                0x00000000080084be                USBD_LL_GetRxDataSize
 .text.USBD_static_malloc
                0x00000000080084e4       0x1c ./USB_DEVICE/Target/usbd_conf.o
                0x00000000080084e4                USBD_static_malloc
 .text.USBD_static_free
                0x0000000008008500       0x14 ./USB_DEVICE/Target/usbd_conf.o
                0x0000000008008500                USBD_static_free
 .text.USBD_Get_USB_Status
                0x0000000008008514       0x58 ./USB_DEVICE/Target/usbd_conf.o
                0x0000000008008514                USBD_Get_USB_Status
 .text.__libc_init_array
                0x000000000800856c       0x48 c:/st/stm32cubeide_1.7.0/stm32cubeide/plugins/com.st.stm32cube.ide.mcu.externaltools.gnu-tools-for-stm32.10.3-2021.10.win32_1.0.200.202301161003/tools/bin/../lib/gcc/arm-none-eabi/10.3.1/../../../../arm-none-eabi/lib/thumb/v7e-m+fp/hard\libc_nano.a(lib_a-init.o)
                0x000000000800856c                __libc_init_array
 .text.memset   0x00000000080085b4       0x10 c:/st/stm32cubeide_1.7.0/stm32cubeide/plugins/com.st.stm32cube.ide.mcu.externaltools.gnu-tools-for-stm32.10.3-2021.10.win32_1.0.200.202301161003/tools/bin/../lib/gcc/arm-none-eabi/10.3.1/../../../../arm-none-eabi/lib/thumb/v7e-m+fp/hard\libc_nano.a(lib_a-memset.o)
                0x00000000080085b4                memset
 *(.glue_7)
 .glue_7        0x00000000080085c4        0x0 linker stubs
 *(.glue_7t)
 .glue_7t       0x00000000080085c4        0x0 linker stubs
 *(.eh_frame)
 .eh_frame      0x00000000080085c4        0x0 c:/st/stm32cubeide_1.7.0/stm32cubeide/plugins/com.st.stm32cube.ide.mcu.externaltools.gnu-tools-for-stm32.10.3-2021.10.win32_1.0.200.202301161003/tools/bin/../lib/gcc/arm-none-eabi/10.3.1/thumb/v7e-m+fp/hard/crtbegin.o
 *(.init)
 .init          0x00000000080085c4        0x4 c:/st/stm32cubeide_1.7.0/stm32cubeide/plugins/com.st.stm32cube.ide.mcu.externaltools.gnu-tools-for-stm32.10.3-2021.10.win32_1.0.200.202301161003/tools/bin/../lib/gcc/arm-none-eabi/10.3.1/thumb/v7e-m+fp/hard/crti.o
                0x00000000080085c4                _init
 .init          0x00000000080085c8        0x8 c:/st/stm32cubeide_1.7.0/stm32cubeide/plugins/com.st.stm32cube.ide.mcu.externaltools.gnu-tools-for-stm32.10.3-2021.10.win32_1.0.200.202301161003/tools/bin/../lib/gcc/arm-none-eabi/10.3.1/thumb/v7e-m+fp/hard/crtn.o
 *(.fini)
 .fini          0x00000000080085d0        0x4 c:/st/stm32cubeide_1.7.0/stm32cubeide/plugins/com.st.stm32cube.ide.mcu.externaltools.gnu-tools-for-stm32.10.3-2021.10.win32_1.0.200.202301161003/tools/bin/../lib/gcc/arm-none-eabi/10.3.1/thumb/v7e-m+fp/hard/crti.o
                0x00000000080085d0                _fini
 .fini          0x00000000080085d4        0x8 c:/st/stm32cubeide_1.7.0/stm32cubeide/plugins/com.st.stm32cube.ide.mcu.externaltools.gnu-tools-for-stm32.10.3-2021.10.win32_1.0.200.202301161003/tools/bin/../lib/gcc/arm-none-eabi/10.3.1/thumb/v7e-m+fp/hard/crtn.o
                0x00000000080085dc                . = ALIGN (0x4)
                0x00000000080085dc                _etext = .

.vfp11_veneer   0x00000000080085dc        0x0
 .vfp11_veneer  0x00000000080085dc        0x0 linker stubs

.v4_bx          0x00000000080085dc        0x0
 .v4_bx         0x00000000080085dc        0x0 linker stubs

.iplt           0x00000000080085dc        0x0
 .iplt          0x00000000080085dc        0x0 c:/st/stm32cubeide_1.7.0/stm32cubeide/plugins/com.st.stm32cube.ide.mcu.externaltools.gnu-tools-for-stm32.10.3-2021.10.win32_1.0.200.202301161003/tools/bin/../lib/gcc/arm-none-eabi/10.3.1/thumb/v7e-m+fp/hard/crtbegin.o

.rodata         0x00000000080085dc       0x58
                0x00000000080085dc                . = ALIGN (0x4)
 *(.rodata)
 .rodata        0x00000000080085dc       0x46 ./USB_DEVICE/App/usbd_desc.o
 *(.rodata*)
 *fill*         0x0000000008008622        0x2 
 .rodata.AHBPrescTable
                0x0000000008008624       0x10 ./Core/Src/system_stm32f4xx.o
                0x0000000008008624                AHBPrescTable
                0x0000000008008634                . = ALIGN (0x4)

.ARM.extab      0x0000000008008634        0x0
                0x0000000008008634                . = ALIGN (0x4)
 *(.ARM.extab* .gnu.linkonce.armextab.*)
                0x0000000008008634                . = ALIGN (0x4)

.ARM            0x0000000008008634        0x8
                0x0000000008008634                . = ALIGN (0x4)
                0x0000000008008634                __exidx_start = .
 *(.ARM.exidx*)
 .ARM.exidx     0x0000000008008634        0x8 c:/st/stm32cubeide_1.7.0/stm32cubeide/plugins/com.st.stm32cube.ide.mcu.externaltools.gnu-tools-for-stm32.10.3-2021.10.win32_1.0.200.202301161003/tools/bin/../lib/gcc/arm-none-eabi/10.3.1/thumb/v7e-m+fp/hard\libgcc.a(_udivmoddi4.o)
                0x000000000800863c                __exidx_end = .
                0x000000000800863c                . = ALIGN (0x4)

.rel.dyn        0x000000000800863c        0x0
 .rel.iplt      0x000000000800863c        0x0 c:/st/stm32cubeide_1.7.0/stm32cubeide/plugins/com.st.stm32cube.ide.mcu.externaltools.gnu-tools-for-stm32.10.3-2021.10.win32_1.0.200.202301161003/tools/bin/../lib/gcc/arm-none-eabi/10.3.1/thumb/v7e-m+fp/hard/crtbegin.o

.preinit_array  0x000000000800863c        0x0
                0x000000000800863c                . = ALIGN (0x4)
                0x000000000800863c                PROVIDE (__preinit_array_start = .)
 *(.preinit_array*)
                0x000000000800863c                PROVIDE (__preinit_array_end = .)
                0x000000000800863c                . = ALIGN (0x4)

.init_array     0x000000000800863c        0x4
                0x000000000800863c                . = ALIGN (0x4)
                0x000000000800863c                PROVIDE (__init_array_start = .)
 *(SORT_BY_NAME(.init_array.*))
 *(.init_array*)
 .init_array    0x000000000800863c        0x4 c:/st/stm32cubeide_1.7.0/stm32cubeide/plugins/com.st.stm32cube.ide.mcu.externaltools.gnu-tools-for-stm32.10.3-2021.10.win32_1.0.200.202301161003/tools/bin/../lib/gcc/arm-none-eabi/10.3.1/thumb/v7e-m+fp/hard/crtbegin.o
                0x0000000008008640                PROVIDE (__init_array_end = .)
                0x0000000008008640                . = ALIGN (0x4)

.fini_array     0x0000000008008640        0x4
                0x0000000008008640                . = ALIGN (0x4)
                [!provide]                        PROVIDE (__fini_array_start = .)
 *(SORT_BY_NAME(.fini_array.*))
 *(.fini_array*)
 .fini_array    0x0000000008008640        0x4 c:/st/stm32cubeide_1.7.0/stm32cubeide/plugins/com.st.stm32cube.ide.mcu.externaltools.gnu-tools-for-stm32.10.3-2021.10.win32_1.0.200.202301161003/tools/bin/../lib/gcc/arm-none-eabi/10.3.1/thumb/v7e-m+fp/hard/crtbegin.o
                [!provide]                        PROVIDE (__fini_array_end = .)
                0x0000000008008644                . = ALIGN (0x4)
                0x0000000008008644                _sidata = LOADADDR (.data)

.data           0x0000000020000000       0xfc load address 0x0000000008008644
                0x0000000020000000                . = ALIGN (0x4)
                0x0000000020000000                _sdata = .
 *(.data)
 *(.data*)
 .data.SystemCoreClock
                0x0000000020000000        0x4 ./Core/Src/system_stm32f4xx.o
                0x0000000020000000                SystemCoreClock
 .data.uwTickPrio
                0x0000000020000004        0x4 ./Drivers/STM32F4xx_HAL_Driver/Src/stm32f4xx_hal.o
                0x0000000020000004                uwTickPrio
 .data.uwTickFreq
                0x0000000020000008        0x1 ./Drivers/STM32F4xx_HAL_Driver/Src/stm32f4xx_hal.o
                0x0000000020000008                uwTickFreq
 *fill*         0x0000000020000009        0x3 
 .data.USBD_CDC_DeviceQualifierDesc
                0x000000002000000c        0xa ./Middlewares/ST/STM32_USB_Device_Library/Class/CDC/Src/usbd_cdc.o
 *fill*         0x0000000020000016        0x2 
 .data.USBD_CDC
                0x0000000020000018       0x38 ./Middlewares/ST/STM32_USB_Device_Library/Class/CDC/Src/usbd_cdc.o
                0x0000000020000018                USBD_CDC
 .data.USBD_CDC_CfgDesc
                0x0000000020000050       0x43 ./Middlewares/ST/STM32_USB_Device_Library/Class/CDC/Src/usbd_cdc.o
 .data.CDCInEpAdd
                0x0000000020000093        0x1 ./Middlewares/ST/STM32_USB_Device_Library/Class/CDC/Src/usbd_cdc.o
 .data.CDCOutEpAdd
                0x0000000020000094        0x1 ./Middlewares/ST/STM32_USB_Device_Library/Class/CDC/Src/usbd_cdc.o
 .data.CDCCmdEpAdd
                0x0000000020000095        0x1 ./Middlewares/ST/STM32_USB_Device_Library/Class/CDC/Src/usbd_cdc.o
 *fill*         0x0000000020000096        0x2 
 .data.USBD_Interface_fops_FS
                0x0000000020000098       0x14 ./USB_DEVICE/App/usbd_cdc_if.o
                0x0000000020000098                USBD_Interface_fops_FS
 .data.FS_Desc  0x00000000200000ac       0x1c ./USB_DEVICE/App/usbd_desc.o
                0x00000000200000ac                FS_Desc
 .data.USBD_FS_DeviceDesc
                0x00000000200000c8       0x12 ./USB_DEVICE/App/usbd_desc.o
                0x00000000200000c8                USBD_FS_DeviceDesc
 *fill*         0x00000000200000da        0x2 
 .data.USBD_LangIDDesc
                0x00000000200000dc        0x4 ./USB_DEVICE/App/usbd_desc.o
                0x00000000200000dc                USBD_LangIDDesc
 .data.USBD_StringSerial
                0x00000000200000e0       0x1a ./USB_DEVICE/App/usbd_desc.o
                0x00000000200000e0                USBD_StringSerial
 *(.RamFunc)
 *(.RamFunc*)
                0x00000000200000fc                . = ALIGN (0x4)
 *fill*         0x00000000200000fa        0x2 
                0x00000000200000fc                _edata = .
                0x0000000008008740                _siccmram = LOADADDR (.ccmram)

.igot.plt       0x00000000200000fc        0x0 load address 0x0000000008008740
 .igot.plt      0x00000000200000fc        0x0 c:/st/stm32cubeide_1.7.0/stm32cubeide/plugins/com.st.stm32cube.ide.mcu.externaltools.gnu-tools-for-stm32.10.3-2021.10.win32_1.0.200.202301161003/tools/bin/../lib/gcc/arm-none-eabi/10.3.1/thumb/v7e-m+fp/hard/crtbegin.o

.ccmram         0x0000000010000000        0x0 load address 0x0000000008008740
                0x0000000010000000                . = ALIGN (0x4)
                0x0000000010000000                _sccmram = .
 *(.ccmram)
 *(.ccmram*)
                0x0000000010000000                . = ALIGN (0x4)
                0x0000000010000000                _eccmram = .
                0x0000000010000000                . = ALIGN (0x4)

.bss            0x00000000200000fc     0x1cc0
                0x00000000200000fc                _sbss = .
                0x00000000200000fc                __bss_start__ = _sbss
 *(.bss)
 .bss           0x00000000200000fc       0x1c c:/st/stm32cubeide_1.7.0/stm32cubeide/plugins/com.st.stm32cube.ide.mcu.externaltools.gnu-tools-for-stm32.10.3-2021.10.win32_1.0.200.202301161003/tools/bin/../lib/gcc/arm-none-eabi/10.3.1/thumb/v7e-m+fp/hard/crtbegin.o
 *(.bss*)
 .bss.adcdegeri
                0x0000000020000118        0x2 ./Core/Src/main.o
                0x0000000020000118                adcdegeri
 *fill*         0x000000002000011a        0x2 
 .bss.hadc1     0x000000002000011c       0x48 ./Core/Src/main.o
                0x000000002000011c                hadc1
 .bss.htim2     0x0000000020000164       0x48 ./Core/Src/main.o
                0x0000000020000164                htim2
 .bss.uwTick    0x00000000200001ac        0x4 ./Drivers/STM32F4xx_HAL_Driver/Src/stm32f4xx_hal.o
                0x00000000200001ac                uwTick
 .bss.cfgidx.0  0x00000000200001b0        0x1 ./Middlewares/ST/STM32_USB_Device_Library/Core/Src/usbd_ctlreq.o
 *fill*         0x00000000200001b1        0x3 
 .bss.hUsbDeviceFS
                0x00000000200001b4      0x2dc ./USB_DEVICE/App/usb_device.o
                0x00000000200001b4                hUsbDeviceFS
 .bss.UserRxBufferFS
                0x0000000020000490      0x800 ./USB_DEVICE/App/usbd_cdc_if.o
                0x0000000020000490                UserRxBufferFS
 .bss.UserTxBufferFS
                0x0000000020000c90      0x800 ./USB_DEVICE/App/usbd_cdc_if.o
                0x0000000020000c90                UserTxBufferFS
 .bss.USBD_StrDesc
                0x0000000020001490      0x200 ./USB_DEVICE/App/usbd_desc.o
                0x0000000020001490                USBD_StrDesc
 .bss.hpcd_USB_OTG_FS
                0x0000000020001690      0x50c ./USB_DEVICE/Target/usbd_conf.o
                0x0000000020001690                hpcd_USB_OTG_FS
 .bss.mem.0     0x0000000020001b9c      0x220 ./USB_DEVICE/Target/usbd_conf.o
 *(COMMON)
                0x0000000020001dbc                . = ALIGN (0x4)
                0x0000000020001dbc                _ebss = .
                0x0000000020001dbc                __bss_end__ = _ebss

._user_heap_stack
                0x0000000020001dbc      0x604
                0x0000000020001dc0                . = ALIGN (0x8)
 *fill*         0x0000000020001dbc        0x4 
                [!provide]                        PROVIDE (end = .)
                0x0000000020001dc0                PROVIDE (_end = .)
                0x0000000020001fc0                . = (. + _Min_Heap_Size)
 *fill*         0x0000000020001dc0      0x200 
                0x00000000200023c0                . = (. + _Min_Stack_Size)
 *fill*         0x0000000020001fc0      0x400 
                0x00000000200023c0                . = ALIGN (0x8)

/DISCARD/
 libc.a(*)
 libm.a(*)
 libgcc.a(*)

.ARM.attributes
                0x0000000000000000       0x30
 *(.ARM.attributes)
 .ARM.attributes
                0x0000000000000000       0x1e c:/st/stm32cubeide_1.7.0/stm32cubeide/plugins/com.st.stm32cube.ide.mcu.externaltools.gnu-tools-for-stm32.10.3-2021.10.win32_1.0.200.202301161003/tools/bin/../lib/gcc/arm-none-eabi/10.3.1/thumb/v7e-m+fp/hard/crti.o
 .ARM.attributes
                0x000000000000001e       0x34 c:/st/stm32cubeide_1.7.0/stm32cubeide/plugins/com.st.stm32cube.ide.mcu.externaltools.gnu-tools-for-stm32.10.3-2021.10.win32_1.0.200.202301161003/tools/bin/../lib/gcc/arm-none-eabi/10.3.1/thumb/v7e-m+fp/hard/crtbegin.o
 .ARM.attributes
                0x0000000000000052       0x34 ./Core/Src/main.o
 .ARM.attributes
                0x0000000000000086       0x34 ./Core/Src/stm32f4xx_hal_msp.o
 .ARM.attributes
                0x00000000000000ba       0x34 ./Core/Src/stm32f4xx_it.o
 .ARM.attributes
                0x00000000000000ee       0x34 ./Core/Src/system_stm32f4xx.o
 .ARM.attributes
                0x0000000000000122       0x21 ./Core/Startup/startup_stm32f407vgtx.o
 .ARM.attributes
                0x0000000000000143       0x34 ./Drivers/STM32F4xx_HAL_Driver/Src/stm32f4xx_hal.o
 .ARM.attributes
                0x0000000000000177       0x34 ./Drivers/STM32F4xx_HAL_Driver/Src/stm32f4xx_hal_adc.o
 .ARM.attributes
                0x00000000000001ab       0x34 ./Drivers/STM32F4xx_HAL_Driver/Src/stm32f4xx_hal_cortex.o
 .ARM.attributes
                0x00000000000001df       0x34 ./Drivers/STM32F4xx_HAL_Driver/Src/stm32f4xx_hal_gpio.o
 .ARM.attributes
                0x0000000000000213       0x34 ./Drivers/STM32F4xx_HAL_Driver/Src/stm32f4xx_hal_pcd.o
 .ARM.attributes
                0x0000000000000247       0x34 ./Drivers/STM32F4xx_HAL_Driver/Src/stm32f4xx_hal_pcd_ex.o
 .ARM.attributes
                0x000000000000027b       0x34 ./Drivers/STM32F4xx_HAL_Driver/Src/stm32f4xx_hal_rcc.o
 .ARM.attributes
                0x00000000000002af       0x34 ./Drivers/STM32F4xx_HAL_Driver/Src/stm32f4xx_hal_tim.o
 .ARM.attributes
                0x00000000000002e3       0x34 ./Drivers/STM32F4xx_HAL_Driver/Src/stm32f4xx_hal_tim_ex.o
 .ARM.attributes
                0x0000000000000317       0x34 ./Drivers/STM32F4xx_HAL_Driver/Src/stm32f4xx_ll_usb.o
 .ARM.attributes
                0x000000000000034b       0x34 ./Middlewares/ST/STM32_USB_Device_Library/Class/CDC/Src/usbd_cdc.o
 .ARM.attributes
                0x000000000000037f       0x34 ./Middlewares/ST/STM32_USB_Device_Library/Core/Src/usbd_core.o
 .ARM.attributes
                0x00000000000003b3       0x34 ./Middlewares/ST/STM32_USB_Device_Library/Core/Src/usbd_ctlreq.o
 .ARM.attributes
                0x00000000000003e7       0x34 ./Middlewares/ST/STM32_USB_Device_Library/Core/Src/usbd_ioreq.o
 .ARM.attributes
                0x000000000000041b       0x34 ./USB_DEVICE/App/usb_device.o
 .ARM.attributes
                0x000000000000044f       0x34 ./USB_DEVICE/App/usbd_cdc_if.o
 .ARM.attributes
                0x0000000000000483       0x34 ./USB_DEVICE/App/usbd_desc.o
 .ARM.attributes
                0x00000000000004b7       0x34 ./USB_DEVICE/Target/usbd_conf.o
 .ARM.attributes
                0x00000000000004eb       0x34 c:/st/stm32cubeide_1.7.0/stm32cubeide/plugins/com.st.stm32cube.ide.mcu.externaltools.gnu-tools-for-stm32.10.3-2021.10.win32_1.0.200.202301161003/tools/bin/../lib/gcc/arm-none-eabi/10.3.1/../../../../arm-none-eabi/lib/thumb/v7e-m+fp/hard\libc_nano.a(lib_a-init.o)
 .ARM.attributes
                0x000000000000051f       0x34 c:/st/stm32cubeide_1.7.0/stm32cubeide/plugins/com.st.stm32cube.ide.mcu.externaltools.gnu-tools-for-stm32.10.3-2021.10.win32_1.0.200.202301161003/tools/bin/../lib/gcc/arm-none-eabi/10.3.1/../../../../arm-none-eabi/lib/thumb/v7e-m+fp/hard\libc_nano.a(lib_a-memset.o)
 .ARM.attributes
                0x0000000000000553       0x1e c:/st/stm32cubeide_1.7.0/stm32cubeide/plugins/com.st.stm32cube.ide.mcu.externaltools.gnu-tools-for-stm32.10.3-2021.10.win32_1.0.200.202301161003/tools/bin/../lib/gcc/arm-none-eabi/10.3.1/thumb/v7e-m+fp/hard\libgcc.a(_aeabi_uldivmod.o)
 .ARM.attributes
                0x0000000000000571       0x34 c:/st/stm32cubeide_1.7.0/stm32cubeide/plugins/com.st.stm32cube.ide.mcu.externaltools.gnu-tools-for-stm32.10.3-2021.10.win32_1.0.200.202301161003/tools/bin/../lib/gcc/arm-none-eabi/10.3.1/thumb/v7e-m+fp/hard\libgcc.a(_udivmoddi4.o)
 .ARM.attributes
                0x00000000000005a5       0x1e c:/st/stm32cubeide_1.7.0/stm32cubeide/plugins/com.st.stm32cube.ide.mcu.externaltools.gnu-tools-for-stm32.10.3-2021.10.win32_1.0.200.202301161003/tools/bin/../lib/gcc/arm-none-eabi/10.3.1/thumb/v7e-m+fp/hard\libgcc.a(_dvmd_tls.o)
 .ARM.attributes
                0x00000000000005c3       0x1e c:/st/stm32cubeide_1.7.0/stm32cubeide/plugins/com.st.stm32cube.ide.mcu.externaltools.gnu-tools-for-stm32.10.3-2021.10.win32_1.0.200.202301161003/tools/bin/../lib/gcc/arm-none-eabi/10.3.1/thumb/v7e-m+fp/hard/crtn.o
OUTPUT(final_adc.elf elf32-littlearm)
LOAD linker stubs
LOAD c:/st/stm32cubeide_1.7.0/stm32cubeide/plugins/com.st.stm32cube.ide.mcu.externaltools.gnu-tools-for-stm32.10.3-2021.10.win32_1.0.200.202301161003/tools/bin/../lib/gcc/arm-none-eabi/10.3.1/../../../../arm-none-eabi/lib/thumb/v7e-m+fp/hard\libc.a
LOAD c:/st/stm32cubeide_1.7.0/stm32cubeide/plugins/com.st.stm32cube.ide.mcu.externaltools.gnu-tools-for-stm32.10.3-2021.10.win32_1.0.200.202301161003/tools/bin/../lib/gcc/arm-none-eabi/10.3.1/../../../../arm-none-eabi/lib/thumb/v7e-m+fp/hard\libm.a
LOAD c:/st/stm32cubeide_1.7.0/stm32cubeide/plugins/com.st.stm32cube.ide.mcu.externaltools.gnu-tools-for-stm32.10.3-2021.10.win32_1.0.200.202301161003/tools/bin/../lib/gcc/arm-none-eabi/10.3.1/thumb/v7e-m+fp/hard\libgcc.a

.debug_info     0x0000000000000000    0x141a4
 .debug_info    0x0000000000000000     0x10ec ./Core/Src/main.o
 .debug_info    0x00000000000010ec      0xd8d ./Core/Src/stm32f4xx_hal_msp.o
 .debug_info    0x0000000000001e79      0x650 ./Core/Src/stm32f4xx_it.o
 .debug_info    0x00000000000024c9      0x523 ./Core/Src/system_stm32f4xx.o
 .debug_info    0x00000000000029ec       0x22 ./Core/Startup/startup_stm32f407vgtx.o
 .debug_info    0x0000000000002a0e      0x97c ./Drivers/STM32F4xx_HAL_Driver/Src/stm32f4xx_hal.o
 .debug_info    0x000000000000338a      0xd70 ./Drivers/STM32F4xx_HAL_Driver/Src/stm32f4xx_hal_adc.o
 .debug_info    0x00000000000040fa      0xe1b ./Drivers/STM32F4xx_HAL_Driver/Src/stm32f4xx_hal_cortex.o
 .debug_info    0x0000000000004f15      0x76a ./Drivers/STM32F4xx_HAL_Driver/Src/stm32f4xx_hal_gpio.o
 .debug_info    0x000000000000567f     0x1695 ./Drivers/STM32F4xx_HAL_Driver/Src/stm32f4xx_hal_pcd.o
 .debug_info    0x0000000000006d14      0x717 ./Drivers/STM32F4xx_HAL_Driver/Src/stm32f4xx_hal_pcd_ex.o
 .debug_info    0x000000000000742b      0x966 ./Drivers/STM32F4xx_HAL_Driver/Src/stm32f4xx_hal_rcc.o
 .debug_info    0x0000000000007d91     0x2bbe ./Drivers/STM32F4xx_HAL_Driver/Src/stm32f4xx_hal_tim.o
 .debug_info    0x000000000000a94f     0x15e0 ./Drivers/STM32F4xx_HAL_Driver/Src/stm32f4xx_hal_tim_ex.o
 .debug_info    0x000000000000bf2f     0x1a97 ./Drivers/STM32F4xx_HAL_Driver/Src/stm32f4xx_ll_usb.o
 .debug_info    0x000000000000d9c6     0x130c ./Middlewares/ST/STM32_USB_Device_Library/Class/CDC/Src/usbd_cdc.o
 .debug_info    0x000000000000ecd2      0xee7 ./Middlewares/ST/STM32_USB_Device_Library/Core/Src/usbd_core.o
 .debug_info    0x000000000000fbb9      0xb7f ./Middlewares/ST/STM32_USB_Device_Library/Core/Src/usbd_ctlreq.o
 .debug_info    0x0000000000010738      0x7da ./Middlewares/ST/STM32_USB_Device_Library/Core/Src/usbd_ioreq.o
 .debug_info    0x0000000000010f12      0x76a ./USB_DEVICE/App/usb_device.o
 .debug_info    0x000000000001167c      0x96f ./USB_DEVICE/App/usbd_cdc_if.o
 .debug_info    0x0000000000011feb      0x498 ./USB_DEVICE/App/usbd_desc.o
 .debug_info    0x0000000000012483     0x1d21 ./USB_DEVICE/Target/usbd_conf.o

.debug_abbrev   0x0000000000000000     0x30cd
 .debug_abbrev  0x0000000000000000      0x26d ./Core/Src/main.o
 .debug_abbrev  0x000000000000026d      0x1c3 ./Core/Src/stm32f4xx_hal_msp.o
 .debug_abbrev  0x0000000000000430      0x199 ./Core/Src/stm32f4xx_it.o
 .debug_abbrev  0x00000000000005c9      0x116 ./Core/Src/system_stm32f4xx.o
 .debug_abbrev  0x00000000000006df       0x12 ./Core/Startup/startup_stm32f407vgtx.o
 .debug_abbrev  0x00000000000006f1      0x20d ./Drivers/STM32F4xx_HAL_Driver/Src/stm32f4xx_hal.o
 .debug_abbrev  0x00000000000008fe      0x244 ./Drivers/STM32F4xx_HAL_Driver/Src/stm32f4xx_hal_adc.o
 .debug_abbrev  0x0000000000000b42      0x316 ./Drivers/STM32F4xx_HAL_Driver/Src/stm32f4xx_hal_cortex.o
 .debug_abbrev  0x0000000000000e58      0x1c4 ./Drivers/STM32F4xx_HAL_Driver/Src/stm32f4xx_hal_gpio.o
 .debug_abbrev  0x000000000000101c      0x2bb ./Drivers/STM32F4xx_HAL_Driver/Src/stm32f4xx_hal_pcd.o
 .debug_abbrev  0x00000000000012d7      0x1ce ./Drivers/STM32F4xx_HAL_Driver/Src/stm32f4xx_hal_pcd_ex.o
 .debug_abbrev  0x00000000000014a5      0x2aa ./Drivers/STM32F4xx_HAL_Driver/Src/stm32f4xx_hal_rcc.o
 .debug_abbrev  0x000000000000174f      0x25d ./Drivers/STM32F4xx_HAL_Driver/Src/stm32f4xx_hal_tim.o
 .debug_abbrev  0x00000000000019ac      0x265 ./Drivers/STM32F4xx_HAL_Driver/Src/stm32f4xx_hal_tim_ex.o
 .debug_abbrev  0x0000000000001c11      0x296 ./Drivers/STM32F4xx_HAL_Driver/Src/stm32f4xx_ll_usb.o
 .debug_abbrev  0x0000000000001ea7      0x2be ./Middlewares/ST/STM32_USB_Device_Library/Class/CDC/Src/usbd_cdc.o
 .debug_abbrev  0x0000000000002165      0x263 ./Middlewares/ST/STM32_USB_Device_Library/Core/Src/usbd_core.o
 .debug_abbrev  0x00000000000023c8      0x25c ./Middlewares/ST/STM32_USB_Device_Library/Core/Src/usbd_ctlreq.o
 .debug_abbrev  0x0000000000002624      0x18a ./Middlewares/ST/STM32_USB_Device_Library/Core/Src/usbd_ioreq.o
 .debug_abbrev  0x00000000000027ae      0x18a ./USB_DEVICE/App/usb_device.o
 .debug_abbrev  0x0000000000002938      0x290 ./USB_DEVICE/App/usbd_cdc_if.o
 .debug_abbrev  0x0000000000002bc8      0x1da ./USB_DEVICE/App/usbd_desc.o
 .debug_abbrev  0x0000000000002da2      0x32b ./USB_DEVICE/Target/usbd_conf.o

.debug_aranges  0x0000000000000000     0x1190
 .debug_aranges
                0x0000000000000000       0x48 ./Core/Src/main.o
 .debug_aranges
                0x0000000000000048       0x48 ./Core/Src/stm32f4xx_hal_msp.o
 .debug_aranges
                0x0000000000000090       0x68 ./Core/Src/stm32f4xx_it.o
 .debug_aranges
                0x00000000000000f8       0x28 ./Core/Src/system_stm32f4xx.o
 .debug_aranges
                0x0000000000000120       0x28 ./Core/Startup/startup_stm32f407vgtx.o
 .debug_aranges
                0x0000000000000148       0xf0 ./Drivers/STM32F4xx_HAL_Driver/Src/stm32f4xx_hal.o
 .debug_aranges
                0x0000000000000238       0xe8 ./Drivers/STM32F4xx_HAL_Driver/Src/stm32f4xx_hal_adc.o
 .debug_aranges
                0x0000000000000320      0x118 ./Drivers/STM32F4xx_HAL_Driver/Src/stm32f4xx_hal_cortex.o
 .debug_aranges
                0x0000000000000438       0x58 ./Drivers/STM32F4xx_HAL_Driver/Src/stm32f4xx_hal_gpio.o
 .debug_aranges
                0x0000000000000490      0x148 ./Drivers/STM32F4xx_HAL_Driver/Src/stm32f4xx_hal_pcd.o
 .debug_aranges
                0x00000000000005d8       0x38 ./Drivers/STM32F4xx_HAL_Driver/Src/stm32f4xx_hal_pcd_ex.o
 .debug_aranges
                0x0000000000000610       0x88 ./Drivers/STM32F4xx_HAL_Driver/Src/stm32f4xx_hal_rcc.o
 .debug_aranges
                0x0000000000000698      0x3d0 ./Drivers/STM32F4xx_HAL_Driver/Src/stm32f4xx_hal_tim.o
 .debug_aranges
                0x0000000000000a68      0x168 ./Drivers/STM32F4xx_HAL_Driver/Src/stm32f4xx_hal_tim_ex.o
 .debug_aranges
                0x0000000000000bd0      0x1a0 ./Drivers/STM32F4xx_HAL_Driver/Src/stm32f4xx_ll_usb.o
 .debug_aranges
                0x0000000000000d70       0x90 ./Middlewares/ST/STM32_USB_Device_Library/Class/CDC/Src/usbd_cdc.o
 .debug_aranges
                0x0000000000000e00       0xd8 ./Middlewares/ST/STM32_USB_Device_Library/Core/Src/usbd_core.o
 .debug_aranges
                0x0000000000000ed8       0x90 ./Middlewares/ST/STM32_USB_Device_Library/Core/Src/usbd_ctlreq.o
 .debug_aranges
                0x0000000000000f68       0x50 ./Middlewares/ST/STM32_USB_Device_Library/Core/Src/usbd_ioreq.o
 .debug_aranges
                0x0000000000000fb8       0x20 ./USB_DEVICE/App/usb_device.o
 .debug_aranges
                0x0000000000000fd8       0x48 ./USB_DEVICE/App/usbd_cdc_if.o
 .debug_aranges
                0x0000000000001020       0x60 ./USB_DEVICE/App/usbd_desc.o
 .debug_aranges
                0x0000000000001080      0x110 ./USB_DEVICE/Target/usbd_conf.o

.debug_ranges   0x0000000000000000     0x1028
 .debug_ranges  0x0000000000000000       0x38 ./Core/Src/main.o
 .debug_ranges  0x0000000000000038       0x38 ./Core/Src/stm32f4xx_hal_msp.o
 .debug_ranges  0x0000000000000070       0x58 ./Core/Src/stm32f4xx_it.o
 .debug_ranges  0x00000000000000c8       0x18 ./Core/Src/system_stm32f4xx.o
 .debug_ranges  0x00000000000000e0       0x20 ./Core/Startup/startup_stm32f407vgtx.o
 .debug_ranges  0x0000000000000100       0xe0 ./Drivers/STM32F4xx_HAL_Driver/Src/stm32f4xx_hal.o
 .debug_ranges  0x00000000000001e0       0xd8 ./Drivers/STM32F4xx_HAL_Driver/Src/stm32f4xx_hal_adc.o
 .debug_ranges  0x00000000000002b8      0x108 ./Drivers/STM32F4xx_HAL_Driver/Src/stm32f4xx_hal_cortex.o
 .debug_ranges  0x00000000000003c0       0x48 ./Drivers/STM32F4xx_HAL_Driver/Src/stm32f4xx_hal_gpio.o
 .debug_ranges  0x0000000000000408      0x138 ./Drivers/STM32F4xx_HAL_Driver/Src/stm32f4xx_hal_pcd.o
 .debug_ranges  0x0000000000000540       0x28 ./Drivers/STM32F4xx_HAL_Driver/Src/stm32f4xx_hal_pcd_ex.o
 .debug_ranges  0x0000000000000568       0x78 ./Drivers/STM32F4xx_HAL_Driver/Src/stm32f4xx_hal_rcc.o
 .debug_ranges  0x00000000000005e0      0x3c0 ./Drivers/STM32F4xx_HAL_Driver/Src/stm32f4xx_hal_tim.o
 .debug_ranges  0x00000000000009a0      0x158 ./Drivers/STM32F4xx_HAL_Driver/Src/stm32f4xx_hal_tim_ex.o
 .debug_ranges  0x0000000000000af8      0x190 ./Drivers/STM32F4xx_HAL_Driver/Src/stm32f4xx_ll_usb.o
 .debug_ranges  0x0000000000000c88       0x80 ./Middlewares/ST/STM32_USB_Device_Library/Class/CDC/Src/usbd_cdc.o
 .debug_ranges  0x0000000000000d08       0xc8 ./Middlewares/ST/STM32_USB_Device_Library/Core/Src/usbd_core.o
 .debug_ranges  0x0000000000000dd0       0x80 ./Middlewares/ST/STM32_USB_Device_Library/Core/Src/usbd_ctlreq.o
 .debug_ranges  0x0000000000000e50       0x40 ./Middlewares/ST/STM32_USB_Device_Library/Core/Src/usbd_ioreq.o
 .debug_ranges  0x0000000000000e90       0x10 ./USB_DEVICE/App/usb_device.o
 .debug_ranges  0x0000000000000ea0       0x38 ./USB_DEVICE/App/usbd_cdc_if.o
 .debug_ranges  0x0000000000000ed8       0x50 ./USB_DEVICE/App/usbd_desc.o
 .debug_ranges  0x0000000000000f28      0x100 ./USB_DEVICE/Target/usbd_conf.o

.debug_macro    0x0000000000000000    0x2507d
 .debug_macro   0x0000000000000000      0x405 ./Core/Src/main.o
 .debug_macro   0x0000000000000405      0xa78 ./Core/Src/main.o
 .debug_macro   0x0000000000000e7d      0x2a1 ./Core/Src/main.o
 .debug_macro   0x000000000000111e       0x2e ./Core/Src/main.o
 .debug_macro   0x000000000000114c       0x2f ./Core/Src/main.o
 .debug_macro   0x000000000000117b       0x22 ./Core/Src/main.o
 .debug_macro   0x000000000000119d       0x8e ./Core/Src/main.o
 .debug_macro   0x000000000000122b       0x51 ./Core/Src/main.o
 .debug_macro   0x000000000000127c      0x103 ./Core/Src/main.o
 .debug_macro   0x000000000000137f       0x6a ./Core/Src/main.o
 .debug_macro   0x00000000000013e9      0x1df ./Core/Src/main.o
 .debug_macro   0x00000000000015c8       0x1c ./Core/Src/main.o
 .debug_macro   0x00000000000015e4       0x22 ./Core/Src/main.o
 .debug_macro   0x0000000000001606       0xd9 ./Core/Src/main.o
 .debug_macro   0x00000000000016df     0x102d ./Core/Src/main.o
 .debug_macro   0x000000000000270c      0x11f ./Core/Src/main.o
 .debug_macro   0x000000000000282b    0x15e82 ./Core/Src/main.o
 .debug_macro   0x00000000000186ad       0x6d ./Core/Src/main.o
 .debug_macro   0x000000000001871a     0x367e ./Core/Src/main.o
 .debug_macro   0x000000000001bd98      0x174 ./Core/Src/main.o
 .debug_macro   0x000000000001bf0c       0x5c ./Core/Src/main.o
 .debug_macro   0x000000000001bf68      0x96b ./Core/Src/main.o
 .debug_macro   0x000000000001c8d3      0x9fe ./Core/Src/main.o
 .debug_macro   0x000000000001d2d1      0x115 ./Core/Src/main.o
 .debug_macro   0x000000000001d3e6      0x13e ./Core/Src/main.o
 .debug_macro   0x000000000001d524       0xa5 ./Core/Src/main.o
 .debug_macro   0x000000000001d5c9      0x174 ./Core/Src/main.o
 .debug_macro   0x000000000001d73d      0x287 ./Core/Src/main.o
 .debug_macro   0x000000000001d9c4       0x5f ./Core/Src/main.o
 .debug_macro   0x000000000001da23      0x236 ./Core/Src/main.o
 .debug_macro   0x000000000001dc59      0xb5b ./Core/Src/main.o
 .debug_macro   0x000000000001e7b4      0x38b ./Core/Src/main.o
 .debug_macro   0x000000000001eb3f      0x176 ./Core/Src/main.o
 .debug_macro   0x000000000001ecb5       0xf9 ./Core/Src/main.o
 .debug_macro   0x000000000001edae      0x12c ./Core/Src/main.o
 .debug_macro   0x000000000001eeda      0x21e ./Core/Src/main.o
 .debug_macro   0x000000000001f0f8       0x2e ./Core/Src/main.o
 .debug_macro   0x000000000001f126      0x11a ./Core/Src/main.o
 .debug_macro   0x000000000001f240       0x7e ./Core/Src/main.o
 .debug_macro   0x000000000001f2be       0x89 ./Core/Src/main.o
 .debug_macro   0x000000000001f347      0x8e6 ./Core/Src/main.o
 .debug_macro   0x000000000001fc2d       0x47 ./Core/Src/main.o
 .debug_macro   0x000000000001fc74      0x248 ./Core/Src/main.o
 .debug_macro   0x000000000001febc       0xba ./Core/Src/main.o
 .debug_macro   0x000000000001ff76      0x12d ./Core/Src/main.o
 .debug_macro   0x00000000000200a3       0x52 ./Core/Src/main.o
 .debug_macro   0x00000000000200f5       0x1e ./Core/Src/main.o
 .debug_macro   0x0000000000020113       0x3c ./Core/Src/main.o
 .debug_macro   0x000000000002014f       0x34 ./Core/Src/main.o
 .debug_macro   0x0000000000020183       0x16 ./Core/Src/main.o
 .debug_macro   0x0000000000020199       0x35 ./Core/Src/main.o
 .debug_macro   0x00000000000201ce      0x341 ./Core/Src/main.o
 .debug_macro   0x000000000002050f       0x10 ./Core/Src/main.o
 .debug_macro   0x000000000002051f       0x16 ./Core/Src/main.o
 .debug_macro   0x0000000000020535       0x43 ./Core/Src/main.o
 .debug_macro   0x0000000000020578       0x34 ./Core/Src/main.o
 .debug_macro   0x00000000000205ac       0x10 ./Core/Src/main.o
 .debug_macro   0x00000000000205bc       0x58 ./Core/Src/main.o
 .debug_macro   0x0000000000020614       0x71 ./Core/Src/main.o
 .debug_macro   0x0000000000020685       0x1c ./Core/Src/main.o
 .debug_macro   0x00000000000206a1      0x12a ./Core/Src/main.o
 .debug_macro   0x00000000000207cb       0x10 ./Core/Src/main.o
 .debug_macro   0x00000000000207db       0x1c ./Core/Src/main.o
 .debug_macro   0x00000000000207f7       0x52 ./Core/Src/main.o
 .debug_macro   0x0000000000020849       0x22 ./Core/Src/main.o
 .debug_macro   0x000000000002086b       0x10 ./Core/Src/main.o
 .debug_macro   0x000000000002087b       0x52 ./Core/Src/main.o
 .debug_macro   0x00000000000208cd       0xd5 ./Core/Src/main.o
 .debug_macro   0x00000000000209a2       0x1c ./Core/Src/main.o
 .debug_macro   0x00000000000209be       0x3d ./Core/Src/main.o
 .debug_macro   0x00000000000209fb       0x16 ./Core/Src/main.o
 .debug_macro   0x0000000000020a11      0x145 ./Core/Src/main.o
 .debug_macro   0x0000000000020b56       0x16 ./Core/Src/main.o
 .debug_macro   0x0000000000020b6c       0x16 ./Core/Src/main.o
 .debug_macro   0x0000000000020b82       0x29 ./Core/Src/main.o
 .debug_macro   0x0000000000020bab       0x16 ./Core/Src/main.o
 .debug_macro   0x0000000000020bc1       0x20 ./Core/Src/main.o
 .debug_macro   0x0000000000020be1       0x65 ./Core/Src/main.o
 .debug_macro   0x0000000000020c46      0x20f ./Core/Src/main.o
 .debug_macro   0x0000000000020e55      0x21a ./Core/Src/stm32f4xx_hal_msp.o
 .debug_macro   0x000000000002106f      0x224 ./Core/Src/stm32f4xx_it.o
 .debug_macro   0x0000000000021293      0x210 ./Core/Src/system_stm32f4xx.o
 .debug_macro   0x00000000000214a3      0x270 ./Drivers/STM32F4xx_HAL_Driver/Src/stm32f4xx_hal.o
 .debug_macro   0x0000000000021713      0x211 ./Drivers/STM32F4xx_HAL_Driver/Src/stm32f4xx_hal_adc.o
 .debug_macro   0x0000000000021924      0x210 ./Drivers/STM32F4xx_HAL_Driver/Src/stm32f4xx_hal_cortex.o
 .debug_macro   0x0000000000021b34      0x216 ./Drivers/STM32F4xx_HAL_Driver/Src/stm32f4xx_hal_gpio.o
 .debug_macro   0x0000000000021d4a      0x21c ./Drivers/STM32F4xx_HAL_Driver/Src/stm32f4xx_hal_pcd.o
 .debug_macro   0x0000000000021f66      0x210 ./Drivers/STM32F4xx_HAL_Driver/Src/stm32f4xx_hal_pcd_ex.o
 .debug_macro   0x0000000000022176      0x234 ./Drivers/STM32F4xx_HAL_Driver/Src/stm32f4xx_hal_rcc.o
 .debug_macro   0x00000000000223aa      0x211 ./Drivers/STM32F4xx_HAL_Driver/Src/stm32f4xx_hal_tim.o
 .debug_macro   0x00000000000225bb      0x210 ./Drivers/STM32F4xx_HAL_Driver/Src/stm32f4xx_hal_tim_ex.o
 .debug_macro   0x00000000000227cb      0x210 ./Drivers/STM32F4xx_HAL_Driver/Src/stm32f4xx_ll_usb.o
 .debug_macro   0x00000000000229db      0x430 ./Middlewares/ST/STM32_USB_Device_Library/Class/CDC/Src/usbd_cdc.o
 .debug_macro   0x0000000000022e0b       0x97 ./Middlewares/ST/STM32_USB_Device_Library/Class/CDC/Src/usbd_cdc.o
 .debug_macro   0x0000000000022ea2       0xfd ./Middlewares/ST/STM32_USB_Device_Library/Class/CDC/Src/usbd_cdc.o
 .debug_macro   0x0000000000022f9f       0x56 ./Middlewares/ST/STM32_USB_Device_Library/Class/CDC/Src/usbd_cdc.o
 .debug_macro   0x0000000000022ff5       0x95 ./Middlewares/ST/STM32_USB_Device_Library/Class/CDC/Src/usbd_cdc.o
 .debug_macro   0x000000000002308a      0x417 ./Middlewares/ST/STM32_USB_Device_Library/Core/Src/usbd_core.o
 .debug_macro   0x00000000000234a1      0x215 ./Middlewares/ST/STM32_USB_Device_Library/Core/Src/usbd_core.o
 .debug_macro   0x00000000000236b6      0x421 ./Middlewares/ST/STM32_USB_Device_Library/Core/Src/usbd_ctlreq.o
 .debug_macro   0x0000000000023ad7      0x41d ./Middlewares/ST/STM32_USB_Device_Library/Core/Src/usbd_ioreq.o
 .debug_macro   0x0000000000023ef4      0x456 ./USB_DEVICE/App/usb_device.o
 .debug_macro   0x000000000002434a       0x22 ./USB_DEVICE/App/usb_device.o
 .debug_macro   0x000000000002436c       0x16 ./USB_DEVICE/App/usb_device.o
 .debug_macro   0x0000000000024382      0x43b ./USB_DEVICE/App/usbd_cdc_if.o
 .debug_macro   0x00000000000247bd       0x10 ./USB_DEVICE/App/usbd_cdc_if.o
 .debug_macro   0x00000000000247cd      0x45a ./USB_DEVICE/App/usbd_desc.o
 .debug_macro   0x0000000000024c27       0x1c ./USB_DEVICE/App/usbd_desc.o
 .debug_macro   0x0000000000024c43      0x43a ./USB_DEVICE/Target/usbd_conf.o

.debug_line     0x0000000000000000    0x159ed
 .debug_line    0x0000000000000000      0xb5c ./Core/Src/main.o
 .debug_line    0x0000000000000b5c      0x7e4 ./Core/Src/stm32f4xx_hal_msp.o
 .debug_line    0x0000000000001340      0x810 ./Core/Src/stm32f4xx_it.o
 .debug_line    0x0000000000001b50      0x7b7 ./Core/Src/system_stm32f4xx.o
 .debug_line    0x0000000000002307       0x88 ./Core/Startup/startup_stm32f407vgtx.o
 .debug_line    0x000000000000238f      0xa1d ./Drivers/STM32F4xx_HAL_Driver/Src/stm32f4xx_hal.o
 .debug_line    0x0000000000002dac     0x1293 ./Drivers/STM32F4xx_HAL_Driver/Src/stm32f4xx_hal_adc.o
 .debug_line    0x000000000000403f      0xccc ./Drivers/STM32F4xx_HAL_Driver/Src/stm32f4xx_hal_cortex.o
 .debug_line    0x0000000000004d0b      0xb91 ./Drivers/STM32F4xx_HAL_Driver/Src/stm32f4xx_hal_gpio.o
 .debug_line    0x000000000000589c     0x14c0 ./Drivers/STM32F4xx_HAL_Driver/Src/stm32f4xx_hal_pcd.o
 .debug_line    0x0000000000006d5c      0x800 ./Drivers/STM32F4xx_HAL_Driver/Src/stm32f4xx_hal_pcd_ex.o
 .debug_line    0x000000000000755c      0xd99 ./Drivers/STM32F4xx_HAL_Driver/Src/stm32f4xx_hal_rcc.o
 .debug_line    0x00000000000082f5     0x3711 ./Drivers/STM32F4xx_HAL_Driver/Src/stm32f4xx_hal_tim.o
 .debug_line    0x000000000000ba06     0x1a1a ./Drivers/STM32F4xx_HAL_Driver/Src/stm32f4xx_hal_tim_ex.o
 .debug_line    0x000000000000d420     0x1ada ./Drivers/STM32F4xx_HAL_Driver/Src/stm32f4xx_ll_usb.o
 .debug_line    0x000000000000eefa      0xf49 ./Middlewares/ST/STM32_USB_Device_Library/Class/CDC/Src/usbd_cdc.o
 .debug_line    0x000000000000fe43      0xfc3 ./Middlewares/ST/STM32_USB_Device_Library/Core/Src/usbd_core.o
 .debug_line    0x0000000000010e06     0x1194 ./Middlewares/ST/STM32_USB_Device_Library/Core/Src/usbd_ctlreq.o
 .debug_line    0x0000000000011f9a      0xadb ./Middlewares/ST/STM32_USB_Device_Library/Core/Src/usbd_ioreq.o
 .debug_line    0x0000000000012a75      0xa97 ./USB_DEVICE/App/usb_device.o
 .debug_line    0x000000000001350c      0xafa ./USB_DEVICE/App/usbd_cdc_if.o
 .debug_line    0x0000000000014006      0xb60 ./USB_DEVICE/App/usbd_desc.o
 .debug_line    0x0000000000014b66      0xe87 ./USB_DEVICE/Target/usbd_conf.o

.debug_str      0x0000000000000000    0xd8f7b
 .debug_str     0x0000000000000000    0xd41a8 ./Core/Src/main.o
                                      0xd4582 (size before relaxing)
 .debug_str     0x00000000000d41a8      0x10e ./Core/Src/stm32f4xx_hal_msp.o
                                      0xcf960 (size before relaxing)
 .debug_str     0x00000000000d42b6      0x443 ./Core/Src/stm32f4xx_it.o
                                      0xcf533 (size before relaxing)
 .debug_str     0x00000000000d46f9       0xdb ./Core/Src/system_stm32f4xx.o
                                      0xcf247 (size before relaxing)
 .debug_str     0x00000000000d47d4       0x36 ./Core/Startup/startup_stm32f407vgtx.o
                                         0x71 (size before relaxing)
 .debug_str     0x00000000000d480a      0xafd ./Drivers/STM32F4xx_HAL_Driver/Src/stm32f4xx_hal.o
                                      0xcfdcb (size before relaxing)
 .debug_str     0x00000000000d5307      0x287 ./Drivers/STM32F4xx_HAL_Driver/Src/stm32f4xx_hal_adc.o
                                      0xcf834 (size before relaxing)
 .debug_str     0x00000000000d558e      0x34d ./Drivers/STM32F4xx_HAL_Driver/Src/stm32f4xx_hal_cortex.o
                                      0xcfafe (size before relaxing)
 .debug_str     0x00000000000d58db      0x15d ./Drivers/STM32F4xx_HAL_Driver/Src/stm32f4xx_hal_gpio.o
                                      0xcf3c2 (size before relaxing)
 .debug_str     0x00000000000d5a38      0x832 ./Drivers/STM32F4xx_HAL_Driver/Src/stm32f4xx_hal_pcd.o
                                      0xcfd09 (size before relaxing)
 .debug_str     0x00000000000d626a      0x115 ./Drivers/STM32F4xx_HAL_Driver/Src/stm32f4xx_hal_pcd_ex.o
                                      0xcf5f8 (size before relaxing)
 .debug_str     0x00000000000d637f      0x21f ./Drivers/STM32F4xx_HAL_Driver/Src/stm32f4xx_hal_rcc.o
                                      0xcf67b (size before relaxing)
 .debug_str     0x00000000000d659e      0xd60 ./Drivers/STM32F4xx_HAL_Driver/Src/stm32f4xx_hal_tim.o
                                      0xd05c1 (size before relaxing)
 .debug_str     0x00000000000d72fe      0x493 ./Drivers/STM32F4xx_HAL_Driver/Src/stm32f4xx_hal_tim_ex.o
                                      0xcfddd (size before relaxing)
 .debug_str     0x00000000000d7791      0x44d ./Drivers/STM32F4xx_HAL_Driver/Src/stm32f4xx_ll_usb.o
                                      0xcfb71 (size before relaxing)
 .debug_str     0x00000000000d7bde      0xa3b ./Middlewares/ST/STM32_USB_Device_Library/Class/CDC/Src/usbd_cdc.o
                                      0xd4859 (size before relaxing)
 .debug_str     0x00000000000d8619      0x35c ./Middlewares/ST/STM32_USB_Device_Library/Core/Src/usbd_core.o
                                      0xd41cf (size before relaxing)
 .debug_str     0x00000000000d8975      0x139 ./Middlewares/ST/STM32_USB_Device_Library/Core/Src/usbd_ctlreq.o
                                      0xd3ffa (size before relaxing)
 .debug_str     0x00000000000d8aae       0x51 ./Middlewares/ST/STM32_USB_Device_Library/Core/Src/usbd_ioreq.o
                                      0xd3ecf (size before relaxing)
 .debug_str     0x00000000000d8aff      0x105 ./USB_DEVICE/App/usb_device.o
                                      0xd4282 (size before relaxing)
 .debug_str     0x00000000000d8c04       0xa1 ./USB_DEVICE/App/usbd_cdc_if.o
                                      0xd42c2 (size before relaxing)
 .debug_str     0x00000000000d8ca5      0x26e ./USB_DEVICE/App/usbd_desc.o
                                      0xd3dcf (size before relaxing)
 .debug_str     0x00000000000d8f13       0x68 ./USB_DEVICE/Target/usbd_conf.o
                                      0xd50a7 (size before relaxing)

.comment        0x0000000000000000       0x50
 .comment       0x0000000000000000       0x50 ./Core/Src/main.o
                                         0x51 (size before relaxing)
 .comment       0x0000000000000050       0x51 ./Core/Src/stm32f4xx_hal_msp.o
 .comment       0x0000000000000050       0x51 ./Core/Src/stm32f4xx_it.o
 .comment       0x0000000000000050       0x51 ./Core/Src/system_stm32f4xx.o
 .comment       0x0000000000000050       0x51 ./Drivers/STM32F4xx_HAL_Driver/Src/stm32f4xx_hal.o
 .comment       0x0000000000000050       0x51 ./Drivers/STM32F4xx_HAL_Driver/Src/stm32f4xx_hal_adc.o
 .comment       0x0000000000000050       0x51 ./Drivers/STM32F4xx_HAL_Driver/Src/stm32f4xx_hal_cortex.o
 .comment       0x0000000000000050       0x51 ./Drivers/STM32F4xx_HAL_Driver/Src/stm32f4xx_hal_gpio.o
 .comment       0x0000000000000050       0x51 ./Drivers/STM32F4xx_HAL_Driver/Src/stm32f4xx_hal_pcd.o
 .comment       0x0000000000000050       0x51 ./Drivers/STM32F4xx_HAL_Driver/Src/stm32f4xx_hal_pcd_ex.o